/home/brusli/Documents/Projects/NXP/main/sdks/main_testing_sdk/CMSIS/Core/Include/./core_cm33.h:2358:22:__NVIC_EnableIRQ	16	static
/home/brusli/Documents/Projects/NXP/main/sdks/main_testing_sdk/devices/MCXN947/drivers/./fsl_common_arm.h:678:24:EnableIRQ	24	static
/home/brusli/Documents/Projects/NXP/main/sdks/main_testing_sdk/devices/MCXN947/drivers/./fsl_spc.h:1093:20:SPC_EnableActiveModeAnalogModules	16	static
/home/brusli/Documents/Projects/NXP/main/MCX_LAB_6_OLED/MCX_LAB_6_OLED/peripherals.c:125:13:GPIO4_init	8	static
/home/brusli/Documents/Projects/NXP/main/MCX_LAB_6_OLED/MCX_LAB_6_OLED/peripherals.c:170:13:GPIO3_init	8	static
/home/brusli/Documents/Projects/NXP/main/MCX_LAB_6_OLED/MCX_LAB_6_OLED/peripherals.c:211:13:VREF0_init	8	static
/home/brusli/Documents/Projects/NXP/main/MCX_LAB_6_OLED/MCX_LAB_6_OLED/peripherals.c:432:13:ADC0_init	8	static
/home/brusli/Documents/Projects/NXP/main/MCX_LAB_6_OLED/MCX_LAB_6_OLED/peripherals.c:506:13:CTIMER0_init	8	static
/home/brusli/Documents/Projects/NXP/main/MCX_LAB_6_OLED/MCX_LAB_6_OLED/peripherals.c:571:13:CTIMER1_init	8	static
/home/brusli/Documents/Projects/NXP/main/MCX_LAB_6_OLED/MCX_LAB_6_OLED/peripherals.c:618:13:GPIO0_init	8	static
/home/brusli/Documents/Projects/NXP/main/MCX_LAB_6_OLED/MCX_LAB_6_OLED/peripherals.c:627:6:BOARD_InitPeripherals	8	static
/home/brusli/Documents/Projects/NXP/main/MCX_LAB_6_OLED/MCX_LAB_6_OLED/peripherals.c:642:6:BOARD_InitBootPeripherals	8	static
