Archive member included to satisfy reference by file (symbol)

/home/brusli/.mcuxpressotools/arm-gnu-toolchain-14.2.rel1-x86_64-arm-none-eabi/bin/../lib/gcc/arm-none-eabi/14.2.1/thumb/v8-m.main+fp/hard/libgcc.a(_arm_addsubdf3.o)
                              CMakeFiles/led_blinky_peripheral_cm33_core0.elf.dir/home/brusli/Documents/Projects/NXP/main/sdks/main_testing_sdk/devices/MCXN947/drivers/fsl_lpadc.c.obj (__aeabi_dsub)
/home/brusli/.mcuxpressotools/arm-gnu-toolchain-14.2.rel1-x86_64-arm-none-eabi/bin/../lib/gcc/arm-none-eabi/14.2.1/thumb/v8-m.main+fp/hard/libgcc.a(_arm_muldivdf3.o)
                              CMakeFiles/led_blinky_peripheral_cm33_core0.elf.dir/home/brusli/Documents/Projects/NXP/main/sdks/main_testing_sdk/devices/MCXN947/drivers/fsl_lpadc.c.obj (__aeabi_ddiv)
/home/brusli/.mcuxpressotools/arm-gnu-toolchain-14.2.rel1-x86_64-arm-none-eabi/bin/../lib/gcc/arm-none-eabi/14.2.1/thumb/v8-m.main+fp/hard/libgcc.a(_arm_truncdfsf2.o)
                              CMakeFiles/led_blinky_peripheral_cm33_core0.elf.dir/home/brusli/Documents/Projects/NXP/main/sdks/main_testing_sdk/devices/MCXN947/drivers/fsl_lpadc.c.obj (__aeabi_d2f)
/home/brusli/.mcuxpressotools/arm-gnu-toolchain-14.2.rel1-x86_64-arm-none-eabi/bin/../lib/gcc/arm-none-eabi/14.2.1/thumb/v8-m.main+fp/hard/libgcc.a(_aeabi_uldivmod.o)
                              CMakeFiles/led_blinky_peripheral_cm33_core0.elf.dir/home/brusli/Documents/Projects/NXP/main/sdks/main_testing_sdk/devices/MCXN947/drivers/fsl_clock.c.obj (__aeabi_uldivmod)
/home/brusli/.mcuxpressotools/arm-gnu-toolchain-14.2.rel1-x86_64-arm-none-eabi/bin/../lib/gcc/arm-none-eabi/14.2.1/thumb/v8-m.main+fp/hard/libgcc.a(_fixunssfdi.o)
                              CMakeFiles/led_blinky_peripheral_cm33_core0.elf.dir/home/brusli/Documents/Projects/NXP/main/sdks/main_testing_sdk/devices/MCXN947/drivers/fsl_clock.c.obj (__aeabi_f2ulz)
/home/brusli/.mcuxpressotools/arm-gnu-toolchain-14.2.rel1-x86_64-arm-none-eabi/bin/../lib/gcc/arm-none-eabi/14.2.1/thumb/v8-m.main+fp/hard/libgcc.a(_udivmoddi4.o)
                              /home/brusli/.mcuxpressotools/arm-gnu-toolchain-14.2.rel1-x86_64-arm-none-eabi/bin/../lib/gcc/arm-none-eabi/14.2.1/thumb/v8-m.main+fp/hard/libgcc.a(_aeabi_uldivmod.o) (__udivmoddi4)
/home/brusli/.mcuxpressotools/arm-gnu-toolchain-14.2.rel1-x86_64-arm-none-eabi/bin/../lib/gcc/arm-none-eabi/14.2.1/thumb/v8-m.main+fp/hard/libgcc.a(_dvmd_tls.o)
                              /home/brusli/.mcuxpressotools/arm-gnu-toolchain-14.2.rel1-x86_64-arm-none-eabi/bin/../lib/gcc/arm-none-eabi/14.2.1/thumb/v8-m.main+fp/hard/libgcc.a(_aeabi_uldivmod.o) (__aeabi_ldiv0)
/home/brusli/.mcuxpressotools/arm-gnu-toolchain-14.2.rel1-x86_64-arm-none-eabi/bin/../lib/gcc/arm-none-eabi/14.2.1/thumb/v8-m.main+fp/hard/libgcc.a(_arm_fixunsdfsi.o)
                              /home/brusli/.mcuxpressotools/arm-gnu-toolchain-14.2.rel1-x86_64-arm-none-eabi/bin/../lib/gcc/arm-none-eabi/14.2.1/thumb/v8-m.main+fp/hard/libgcc.a(_fixunssfdi.o) (__aeabi_d2uiz)
/home/brusli/.mcuxpressotools/arm-gnu-toolchain-14.2.rel1-x86_64-arm-none-eabi/bin/../lib/gcc/arm-none-eabi/14.2.1/../../../../arm-none-eabi/lib/thumb/v8-m.main+fp/hard/libc_nano.a(libc_a-exit.o)
                              /home/brusli/.mcuxpressotools/arm-gnu-toolchain-14.2.rel1-x86_64-arm-none-eabi/bin/../lib/gcc/arm-none-eabi/14.2.1/../../../../arm-none-eabi/lib/thumb/v8-m.main+fp/hard/crt0.o (exit)
/home/brusli/.mcuxpressotools/arm-gnu-toolchain-14.2.rel1-x86_64-arm-none-eabi/bin/../lib/gcc/arm-none-eabi/14.2.1/../../../../arm-none-eabi/lib/thumb/v8-m.main+fp/hard/libc_nano.a(libc_a-malloc.o)
                              CMakeFiles/led_blinky_peripheral_cm33_core0.elf.dir/home/brusli/Documents/Projects/NXP/main/sdks/main_testing_sdk/devices/MCXN947/drivers/fsl_common.c.obj (malloc)
/home/brusli/.mcuxpressotools/arm-gnu-toolchain-14.2.rel1-x86_64-arm-none-eabi/bin/../lib/gcc/arm-none-eabi/14.2.1/../../../../arm-none-eabi/lib/thumb/v8-m.main+fp/hard/libc_nano.a(libc_a-mallocr.o)
                              /home/brusli/.mcuxpressotools/arm-gnu-toolchain-14.2.rel1-x86_64-arm-none-eabi/bin/../lib/gcc/arm-none-eabi/14.2.1/../../../../arm-none-eabi/lib/thumb/v8-m.main+fp/hard/libc_nano.a(libc_a-malloc.o) (_malloc_r)
/home/brusli/.mcuxpressotools/arm-gnu-toolchain-14.2.rel1-x86_64-arm-none-eabi/bin/../lib/gcc/arm-none-eabi/14.2.1/../../../../arm-none-eabi/lib/thumb/v8-m.main+fp/hard/libc_nano.a(libc_a-mlock.o)
                              /home/brusli/.mcuxpressotools/arm-gnu-toolchain-14.2.rel1-x86_64-arm-none-eabi/bin/../lib/gcc/arm-none-eabi/14.2.1/../../../../arm-none-eabi/lib/thumb/v8-m.main+fp/hard/libc_nano.a(libc_a-mallocr.o) (__malloc_lock)
/home/brusli/.mcuxpressotools/arm-gnu-toolchain-14.2.rel1-x86_64-arm-none-eabi/bin/../lib/gcc/arm-none-eabi/14.2.1/../../../../arm-none-eabi/lib/thumb/v8-m.main+fp/hard/libc_nano.a(libc_a-strtoul.o)
[...]
Memory Configuration

Name             Origin             Length             Attributes
m_interrupts     0x00000000         0x00000400         xr
m_text           0x00000400         0x000bfc00         xr
m_core1_image    0x000c0000         0x00040000         xr
m_data           0x20000000         0x0004e000         rw
rpmsg_sh_mem     0x2004e000         0x00000000         rw
m_flash1         0x00100000         0x00100000         xr
m_sramx          0x04000000         0x00018000         rw
m_flash_config   0x80000400         0x00000400         xr
m_usb_sram       0x400ba000         0x00001000         rw
*default*        0x00000000         0xffffffff

Linker script and memory map

LOAD /home/brusli/.mcuxpressotools/arm-gnu-toolchain-14.2.rel1-x86_64-arm-none-eabi/bin/../lib/gcc/arm-none-eabi/14.2.1/thumb/v8-m.main+fp/hard/crti.o
LOAD /home/brusli/.mcuxpressotools/arm-gnu-toolchain-14.2.rel1-x86_64-arm-none-eabi/bin/../lib/gcc/arm-none-eabi/14.2.1/thumb/v8-m.main+fp/hard/crtbegin.o
LOAD /home/brusli/.mcuxpressotools/arm-gnu-toolchain-14.2.rel1-x86_64-arm-none-eabi/bin/../lib/gcc/arm-none-eabi/14.2.1/../../../../arm-none-eabi/lib/thumb/v8-m.main+fp/hard/crt0.o
LOAD CMakeFiles/led_blinky_peripheral_cm33_core0.elf.dir/home/brusli/Documents/Projects/NXP/main/MCX_LAB_6_OLED/MCX_LAB_6_OLED/led_blinky.c.obj
LOAD CMakeFiles/led_blinky_peripheral_cm33_core0.elf.dir/home/brusli/Documents/Projects/NXP/main/MCX_LAB_6_OLED/MCX_LAB_6_OLED/peripherals.c.obj
LOAD CMakeFiles/led_blinky_peripheral_cm33_core0.elf.dir/home/brusli/Documents/Projects/NXP/main/MCX_LAB_6_OLED/MCX_LAB_6_OLED/board.c.obj
LOAD CMakeFiles/led_blinky_peripheral_cm33_core0.elf.dir/home/brusli/Documents/Projects/NXP/main/MCX_LAB_6_OLED/MCX_LAB_6_OLED/clock_config.c.obj
LOAD CMakeFiles/led_blinky_peripheral_cm33_core0.elf.dir/home/brusli/Documents/Projects/NXP/main/MCX_LAB_6_OLED/MCX_LAB_6_OLED/pin_mux.c.obj
LOAD CMakeFiles/led_blinky_peripheral_cm33_core0.elf.dir/home/brusli/Documents/Projects/NXP/main/MCX_LAB_6_OLED/MCX_LAB_6_OLED/hardware_init.c.obj
LOAD CMakeFiles/led_blinky_peripheral_cm33_core0.elf.dir/home/brusli/Documents/Projects/NXP/main/MCX_LAB_6_OLED/MCX_LAB_6_OLED/oled.c.obj
LOAD CMakeFiles/led_blinky_peripheral_cm33_core0.elf.dir/home/brusli/Documents/Projects/NXP/main/sdks/main_testing_sdk/components/uart/fsl_adapter_lpuart.c.obj
LOAD CMakeFiles/led_blinky_peripheral_cm33_core0.elf.dir/home/brusli/Documents/Projects/NXP/main/sdks/main_testing_sdk/devices/MCXN947/gcc/startup_MCXN947_cm33_core0.S.obj
LOAD CMakeFiles/led_blinky_peripheral_cm33_core0.elf.dir/home/brusli/Documents/Projects/NXP/main/sdks/main_testing_sdk/devices/MCXN947/system_MCXN947_cm33_core0.c.obj
LOAD CMakeFiles/led_blinky_peripheral_cm33_core0.elf.dir/home/brusli/Documents/Projects/NXP/main/sdks/main_testing_sdk/devices/MCXN947/drivers/fsl_clock.c.obj
LOAD CMakeFiles/led_blinky_peripheral_cm33_core0.elf.dir/home/brusli/Documents/Projects/NXP/main/sdks/main_testing_sdk/devices/MCXN947/drivers/fsl_common.c.obj
LOAD CMakeFiles/led_blinky_peripheral_cm33_core0.elf.dir/home/brusli/Documents/Projects/NXP/main/sdks/main_testing_sdk/devices/MCXN947/drivers/fsl_common_arm.c.obj
LOAD CMakeFiles/led_blinky_peripheral_cm33_core0.elf.dir/home/brusli/Documents/Projects/NXP/main/sdks/main_testing_sdk/devices/MCXN947/drivers/fsl_ctimer.c.obj
LOAD CMakeFiles/led_blinky_peripheral_cm33_core0.elf.dir/home/brusli/Documents/Projects/NXP/main/sdks/main_testing_sdk/devices/MCXN947/drivers/fsl_gpio.c.obj
LOAD CMakeFiles/led_blinky_peripheral_cm33_core0.elf.dir/home/brusli/Documents/Projects/NXP/main/sdks/main_testing_sdk/devices/MCXN947/drivers/fsl_lpadc.c.obj
LOAD CMakeFiles/led_blinky_peripheral_cm33_core0.elf.dir/home/brusli/Documents/Projects/NXP/main/sdks/main_testing_sdk/devices/MCXN947/drivers/fsl_lpflexcomm.c.obj
LOAD CMakeFiles/led_blinky_peripheral_cm33_core0.elf.dir/home/brusli/Documents/Projects/NXP/main/sdks/main_testing_sdk/devices/MCXN947/drivers/fsl_lpi2c.c.obj
LOAD CMakeFiles/led_blinky_peripheral_cm33_core0.elf.dir/home/brusli/Documents/Projects/NXP/main/sdks/main_testing_sdk/devices/MCXN947/drivers/fsl_lpuart.c.obj
LOAD CMakeFiles/led_blinky_peripheral_cm33_core0.elf.dir/home/brusli/Documents/Projects/NXP/main/sdks/main_testing_sdk/devices/MCXN947/drivers/fsl_spc.c.obj
LOAD CMakeFiles/led_blinky_peripheral_cm33_core0.elf.dir/home/brusli/Documents/Projects/NXP/main/sdks/main_testing_sdk/devices/MCXN947/drivers/fsl_reset.c.obj
LOAD CMakeFiles/led_blinky_peripheral_cm33_core0.elf.dir/home/brusli/Documents/Projects/NXP/main/sdks/main_testing_sdk/devices/MCXN947/drivers/fsl_vref.c.obj
LOAD CMakeFiles/led_blinky_peripheral_cm33_core0.elf.dir/home/brusli/Documents/Projects/NXP/main/sdks/main_testing_sdk/devices/MCXN947/utilities/fsl_syscall_stub.c.obj
LOAD CMakeFiles/led_blinky_peripheral_cm33_core0.elf.dir/home/brusli/Documents/Projects/NXP/main/sdks/main_testing_sdk/devices/MCXN947/utilities/fsl_sbrk.c.obj
LOAD CMakeFiles/led_blinky_peripheral_cm33_core0.elf.dir/home/brusli/Documents/Projects/NXP/main/sdks/main_testing_sdk/devices/MCXN947/utilities/fsl_memcpy.S.obj
LOAD CMakeFiles/led_blinky_peripheral_cm33_core0.elf.dir/home/brusli/Documents/Projects/NXP/main/sdks/main_testing_sdk/devices/MCXN947/utilities/debug_console_lite/fsl_assert.c.obj
LOAD CMakeFiles/led_blinky_peripheral_cm33_core0.elf.dir/home/brusli/Documents/Projects/NXP/main/sdks/main_testing_sdk/devices/MCXN947/utilities/debug_console_lite/fsl_debug_console.c.obj
LOAD CMakeFiles/led_blinky_peripheral_cm33_core0.elf.dir/home/brusli/Documents/Projects/NXP/main/sdks/main_testing_sdk/devices/MCXN947/utilities/str/fsl_str.c.obj
START GROUP
LOAD /home/brusli/.mcuxpressotools/arm-gnu-toolchain-14.2.rel1-x86_64-arm-none-eabi/bin/../lib/gcc/arm-none-eabi/14.2.1/thumb/v8-m.main+fp/hard/libgcc.a
LOAD /home/brusli/.mcuxpressotools/arm-gnu-toolchain-14.2.rel1-x86_64-arm-none-eabi/bin/../lib/gcc/arm-none-eabi/14.2.1/../../../../arm-none-eabi/lib/thumb/v8-m.main+fp/hard/libc_nano.a
LOAD /home/brusli/.mcuxpressotools/arm-gnu-toolchain-14.2.rel1-x86_64-arm-none-eabi/bin/../lib/gcc/arm-none-eabi/14.2.1/../../../../arm-none-eabi/lib/thumb/v8-m.main+fp/hard/libm.a
LOAD /home/brusli/.mcuxpressotools/arm-gnu-toolchain-14.2.rel1-x86_64-arm-none-eabi/bin/../lib/gcc/arm-none-eabi/14.2.1/../../../../arm-none-eabi/lib/thumb/v8-m.main+fp/hard/libcr_newlib_nohost.a
END GROUP
START GROUP
LOAD /home/brusli/.mcuxpressotools/arm-gnu-toolchain-14.2.rel1-x86_64-arm-none-eabi/bin/../lib/gcc/arm-none-eabi/14.2.1/thumb/v8-m.main+fp/hard/libgcc.a
LOAD /home/brusli/.mcuxpressotools/arm-gnu-toolchain-14.2.rel1-x86_64-arm-none-eabi/bin/../lib/gcc/arm-none-eabi/14.2.1/../../../../arm-none-eabi/lib/thumb/v8-m.main+fp/hard/libg_nano.a
LOAD /home/brusli/.mcuxpressotools/arm-gnu-toolchain-14.2.rel1-x86_64-arm-none-eabi/bin/../lib/gcc/arm-none-eabi/14.2.1/../../../../arm-none-eabi/lib/thumb/v8-m.main+fp/hard/libc_nano.a
END GROUP
START GROUP
LOAD /home/brusli/.mcuxpressotools/arm-gnu-toolchain-14.2.rel1-x86_64-arm-none-eabi/bin/../lib/gcc/arm-none-eabi/14.2.1/thumb/v8-m.main+fp/hard/libgcc.a
LOAD /home/brusli/.mcuxpressotools/arm-gnu-toolchain-14.2.rel1-x86_64-arm-none-eabi/bin/../lib/gcc/arm-none-eabi/14.2.1/../../../../arm-none-eabi/lib/thumb/v8-m.main+fp/hard/libc_nano.a
LOAD /home/brusli/.mcuxpressotools/arm-gnu-toolchain-14.2.rel1-x86_64-arm-none-eabi/bin/../lib/gcc/arm-none-eabi/14.2.1/../../../../arm-none-eabi/lib/thumb/v8-m.main+fp/hard/libnosys.a
END GROUP
START GROUP
LOAD /home/brusli/.mcuxpressotools/arm-gnu-toolchain-14.2.rel1-x86_64-arm-none-eabi/bin/../lib/gcc/arm-none-eabi/14.2.1/thumb/v8-m.main+fp/hard/libgcc.a
LOAD /home/brusli/.mcuxpressotools/arm-gnu-toolchain-14.2.rel1-x86_64-arm-none-eabi/bin/../lib/gcc/arm-none-eabi/14.2.1/../../../../arm-none-eabi/lib/thumb/v8-m.main+fp/hard/libc_nano.a
LOAD /home/brusli/.mcuxpressotools/arm-gnu-toolchain-14.2.rel1-x86_64-arm-none-eabi/bin/../lib/gcc/arm-none-eabi/14.2.1/../../../../arm-none-eabi/lib/thumb/v8-m.main+fp/hard/libnosys.a
END GROUP
LOAD /home/brusli/.mcuxpressotools/arm-gnu-toolchain-14.2.rel1-x86_64-arm-none-eabi/bin/../lib/gcc/arm-none-eabi/14.2.1/thumb/v8-m.main+fp/hard/crtend.o
LOAD /home/brusli/.mcuxpressotools/arm-gnu-toolchain-14.2.rel1-x86_64-arm-none-eabi/bin/../lib/gcc/arm-none-eabi/14.2.1/thumb/v8-m.main+fp/hard/crtn.o
                0x00000400                        HEAP_SIZE = DEFINED (__heap_size__)?__heap_size__:0x400
                0x00000800                        STACK_SIZE = DEFINED (__stack_size__)?__stack_size__:0x800
                0x00000000                        RPMSG_SHMEM_SIZE = DEFINED (__use_shmem__)?0x2000:0x0
                0x00000000                        TEXT_START = DEFINED (__qspi_xip__)?0x80001000:0x0
                0x000c0000                        TEXT_SIZE = DEFINED (__qspi_xip__)?0xffff000:0xc0000

.core1_code     0x000c0000        0x0
                0x000c0000                        . = ALIGN (0x4)
 *(.core1_code)
 *(.core1_code*)
                0x000c0000                        . = ALIGN (0x4)

.noinit_rpmsg_sh_mem
                0x2004e000        0x0
                0x2004e000                        __RPMSG_SH_MEM_START__ = .
 *(.noinit.$rpmsg_sh_mem*)
                0x2004e000                        . = ALIGN (0x4)
                0x2004e000                        __RPMSG_SH_MEM_END__ = .

.flash_config   0x80000400        0x0
                0x80000400                        . = ALIGN (0x4)
                0x80000400                        __FLASH_BASE = .
 *(.flexspi_fcb)
                0x80000400                        . = ALIGN (0x4)

.interrupts     0x00000000      0x2b0
                0x00000000                        . = ALIGN (0x4)
 *(.isr_vector)
 .isr_vector    0x00000000      0x2b0 CMakeFiles/led_blinky_peripheral_cm33_core0.elf.dir/home/brusli/Documents/Projects/NXP/main/sdks/main_testing_sdk/devices/MCXN947/gcc/startup_MCXN947_cm33_core0.S.obj
                0x00000000                __Vectors
                0x000002b0                        . = ALIGN (0x4)

.text           0x00000400     0x9594
                0x00000400                        . = ALIGN (0x4)
 *(.text)
 .text          0x00000400       0x7c /home/brusli/.mcuxpressotools/arm-gnu-toolchain-14.2.rel1-x86_64-arm-none-eabi/bin/../lib/gcc/arm-none-eabi/14.2.1/../../../../arm-none-eabi/lib/thumb/v8-m.main+fp/hard/crt0.o
                0x00000400                _stack_init
                0x00000408                _mainCRTStartup
                0x00000408                _start
 .text          0x0000047c      0x5a0 CMakeFiles/led_blinky_peripheral_cm33_core0.elf.dir/home/brusli/Documents/Projects/NXP/main/sdks/main_testing_sdk/devices/MCXN947/gcc/startup_MCXN947_cm33_core0.S.obj
                0x0000047c                Reset_Handler
                0x00000510                HSCMP1_DriverIRQHandler
                0x00000510                EDMA_1_CH5_DriverIRQHandler
                0x00000510                PINT0_DriverIRQHandler
                0x00000510                WWDT1_DriverIRQHandler
                0x00000510                DebugMon_Handler
                0x00000510                EDMA_1_CH13_DriverIRQHandler
                0x00000510                EMVSIM0_DriverIRQHandler
                0x00000510                I3C0_DriverIRQHandler
                0x00000510                USB0_FS_DriverIRQHandler
                0x00000510                PKC_ERR_DriverIRQHandler
                0x00000510                QDC1_HOME_DriverIRQHandler
                0x00000510                EDMA_0_CH5_DriverIRQHandler
                0x00000510                EDMA_0_CH14_DriverIRQHandler
                0x00000510                EDMA_1_CH0_DriverIRQHandler
                0x00000510                SCG_DriverIRQHandler
                0x00000510                CMC0_DriverIRQHandler
                0x00000510                EDMA_0_CH15_DriverIRQHandler
                0x00000510                LPTMR0_DriverIRQHandler
                0x00000510                EDMA_0_CH2_DriverIRQHandler
                0x00000510                FLEXPWM1_SUBMODULE1_DriverIRQHandler
                0x00000510                FLEXPWM0_SUBMODULE1_DriverIRQHandler
                0x00000510                EDMA_1_CH11_DriverIRQHandler
                0x00000510                FLEXPWM0_RELOAD_ERROR_DriverIRQHandler
                0x00000510                QDC0_HOME_DriverIRQHandler
                0x00000510                Reserved167_DriverIRQHandler
                0x00000510                EDMA_1_CH9_DriverIRQHandler
                0x00000510                SEC_VIO_DriverIRQHandler
                0x00000510                ERM_MULTI_BIT_ERROR_DriverIRQHandler
                0x00000510                GPIO31_DriverIRQHandler
                0x00000510                EWM0_DriverIRQHandler
                0x00000510                PKC_DriverIRQHandler
                0x00000510                EDMA_0_CH10_DriverIRQHandler
                0x00000510                USB1_HS_PHY_DriverIRQHandler
                0x00000510                QDC0_IDX_DriverIRQHandler
                0x00000510                ELS_DriverIRQHandler
                0x00000510                Reserved166_DriverIRQHandler
                0x00000510                EDMA_1_CH2_DriverIRQHandler
                0x00000510                ETHERNET_DriverIRQHandler
                0x00000510                QDC1_IDX_DriverIRQHandler
                0x00000510                EDMA_1_CH14_DriverIRQHandler
                0x00000510                FLEXPWM1_SUBMODULE3_DriverIRQHandler
                0x00000510                EDMA_1_CH7_DriverIRQHandler
                0x00000510                EDMA_1_CH6_DriverIRQHandler
                0x00000510                DAC1_DriverIRQHandler
                0x00000510                UsageFault_Handler
                0x00000510                ITRC0_DriverIRQHandler
                0x00000510                EDMA_0_CH9_DriverIRQHandler
                0x00000510                ETB0_DriverIRQHandler
                0x00000510                Freqme_DriverIRQHandler
                0x00000510                Reserved80_DriverIRQHandler
                0x00000510                DefaultISR
                0x00000510                ELS_ERR_DriverIRQHandler
                0x00000510                FLEXIO_DriverIRQHandler
                0x00000510                DAC0_DriverIRQHandler
                0x00000510                MRT0_DriverIRQHandler
                0x00000510                UTICK0_DriverIRQHandler
                0x00000510                FLEXPWM0_SUBMODULE2_DriverIRQHandler
                0x00000510                GPIO01_DriverIRQHandler
                0x00000510                EDMA_0_CH3_DriverIRQHandler
                0x00000510                WWDT0_DriverIRQHandler
                0x00000510                USDHC0_DriverIRQHandler
                0x00000510                GPIO00_DriverIRQHandler
                0x00000510                EDMA_0_CH4_DriverIRQHandler
                0x00000510                GPIO11_DriverIRQHandler
                0x00000510                BSP32_DriverIRQHandler
                0x00000510                FLEXPWM0_FAULT_DriverIRQHandler
                0x00000510                EDMA_1_CH1_DriverIRQHandler
                0x00000510                SAI1_DriverIRQHandler
                0x00000510                ERM_SINGLE_BIT_ERROR_DriverIRQHandler
                0x00000510                GPIO21_DriverIRQHandler
                0x00000510                FLEXPWM1_FAULT_DriverIRQHandler
                0x00000510                GPIO30_DriverIRQHandler
                0x00000510                QDC0_COMPARE_DriverIRQHandler
                0x00000510                SecureFault_Handler
                0x00000510                ADC1_DriverIRQHandler
                0x00000510                PQ_DriverIRQHandler
                0x00000510                ETHERNET_MACLP_DriverIRQHandler
                0x00000510                USB0_DCD_DriverIRQHandler
                0x00000510                MAILBOX_DriverIRQHandler
                0x00000510                EDMA_0_CH11_DriverIRQHandler
                0x00000510                WUU_DriverIRQHandler
                0x00000510                EDMA_0_CH6_DriverIRQHandler
                0x00000510                FLEXPWM1_SUBMODULE0_DriverIRQHandler
                0x00000510                CDOG1_DriverIRQHandler
                0x00000510                TSI_OUT_OF_SCAN_DriverIRQHandler
                0x00000510                EDMA_1_CH4_DriverIRQHandler
                0x00000510                PUF_DriverIRQHandler
                0x00000510                SPC_DriverIRQHandler
                0x00000510                RTC_DriverIRQHandler
                0x00000510                VBAT0_DriverIRQHandler
                0x00000510                Reserved65_DriverIRQHandler
                0x00000510                HSCMP2_DriverIRQHandler
                0x00000510                EDMA_0_CH0_DriverIRQHandler
                0x00000510                MemManage_Handler
                0x00000510                PDM_EVENT_DriverIRQHandler
                0x00000510                ETHERNET_PMT_DriverIRQHandler
                0x00000510                FLEXPWM1_RELOAD_ERROR_DriverIRQHandler
                0x00000510                FMU0_DriverIRQHandler
                0x00000510                QDC1_COMPARE_DriverIRQHandler
                0x00000510                EDMA_0_CH8_DriverIRQHandler
                0x00000510                LPTMR1_DriverIRQHandler
                0x00000510                CTI0_DriverIRQHandler
                0x00000510                GPIO40_DriverIRQHandler
                0x00000510                EDMA_1_CH3_DriverIRQHandler
                0x00000510                EDMA_1_CH15_DriverIRQHandler
                0x00000510                FLEXPWM1_SUBMODULE2_DriverIRQHandler
                0x00000510                GPIO20_DriverIRQHandler
                0x00000510                QDC1_WDG_SAB_DriverIRQHandler
                0x00000510                EDMA_1_CH8_DriverIRQHandler
                0x00000510                GDET_DriverIRQHandler
                0x00000510                PORT_EFT_DriverIRQHandler
                0x00000510                Reserved85_DriverIRQHandler
                0x00000510                Reserved81_DriverIRQHandler
                0x00000510                TSI_END_OF_SCAN_DriverIRQHandler
                0x00000510                FLEXPWM0_SUBMODULE3_DriverIRQHandler
                0x00000510                ADC0_DriverIRQHandler
                0x00000510                OR_DriverIRQHandler
                0x00000510                EDMA_0_CH13_DriverIRQHandler
                0x00000510                USB1_HS_DriverIRQHandler
                0x00000510                EDMA_0_CH1_DriverIRQHandler
                0x00000510                DAC2_DriverIRQHandler
                0x00000510                GPIO51_DriverIRQHandler
                0x00000510                HSCMP0_DriverIRQHandler
                0x00000510                QDC0_WDG_SAB_DriverIRQHandler
                0x00000510                EDMA_0_CH12_DriverIRQHandler
                0x00000510                CDOG0_DriverIRQHandler
                0x00000510                CAN0_DriverIRQHandler
                0x00000510                SMARTDMA_DriverIRQHandler
                0x00000510                SAI0_DriverIRQHandler
                0x00000510                EMVSIM1_DriverIRQHandler
                0x00000510                I3C1_DriverIRQHandler
                0x00000510                EDMA_0_CH7_DriverIRQHandler
                0x00000510                BusFault_Handler
                0x00000510                EDMA_1_CH10_DriverIRQHandler
                0x00000510                EDMA_1_CH12_DriverIRQHandler
                0x00000510                FLEXSPI0_DriverIRQHandler
                0x00000510                GPIO50_DriverIRQHandler
                0x00000510                GPIO10_DriverIRQHandler
                0x00000510                SCT0_DriverIRQHandler
                0x00000510                CAN1_DriverIRQHandler
                0x00000510                PLU_DriverIRQHandler
                0x00000510                FLEXPWM0_SUBMODULE0_DriverIRQHandler
                0x00000510                OS_EVENT_DriverIRQHandler
                0x00000510                SINC_FILTER_DriverIRQHandler
                0x00000510                NPU_DriverIRQHandler
                0x00000510                GPIO41_DriverIRQHandler
                0x00000510                SEC_HYPERVISOR_CALL_DriverIRQHandler
                0x00000514                NMI_Handler
                0x00000518                HardFault_Handler
                0x0000051c                SVC_Handler
                0x00000520                PendSV_Handler
                0x00000524                SysTick_Handler
                0x00000528                OR_IRQHandler
                0x0000052c                EDMA_0_CH0_IRQHandler
                0x00000530                EDMA_0_CH1_IRQHandler
                0x00000534                EDMA_0_CH2_IRQHandler
                0x00000538                EDMA_0_CH3_IRQHandler
                0x0000053c                EDMA_0_CH4_IRQHandler
                0x00000540                EDMA_0_CH5_IRQHandler
                0x00000544                EDMA_0_CH6_IRQHandler
                0x00000548                EDMA_0_CH7_IRQHandler
                0x0000054c                EDMA_0_CH8_IRQHandler
                0x00000550                EDMA_0_CH9_IRQHandler
                0x00000554                EDMA_0_CH10_IRQHandler
                0x00000558                EDMA_0_CH11_IRQHandler
                0x0000055c                EDMA_0_CH12_IRQHandler
                0x00000560                EDMA_0_CH13_IRQHandler
                0x00000564                EDMA_0_CH14_IRQHandler
                0x00000568                EDMA_0_CH15_IRQHandler
                0x00000570                GPIO01_IRQHandler
                0x00000574                GPIO10_IRQHandler
                0x00000578                GPIO11_IRQHandler
                0x0000057c                GPIO20_IRQHandler
                0x00000580                GPIO21_IRQHandler
                0x00000584                GPIO30_IRQHandler
                0x00000590                GPIO41_IRQHandler
                0x00000594                GPIO50_IRQHandler
                0x00000598                GPIO51_IRQHandler
                0x0000059c                UTICK0_IRQHandler
                0x000005a0                MRT0_IRQHandler
                0x000005a4                CTIMER0_IRQHandler
                0x000005a8                CTIMER1_IRQHandler
                0x000005ac                SCT0_IRQHandler
                0x000005b0                CTIMER2_IRQHandler
                0x000005b4                LP_FLEXCOMM0_IRQHandler
                0x000005b8                LP_FLEXCOMM1_IRQHandler
                0x000005bc                LP_FLEXCOMM2_IRQHandler
                0x000005c0                LP_FLEXCOMM3_IRQHandler
                0x000005c4                LP_FLEXCOMM4_IRQHandler
                0x000005c8                LP_FLEXCOMM5_IRQHandler
                0x000005cc                LP_FLEXCOMM6_IRQHandler
                0x000005d0                LP_FLEXCOMM7_IRQHandler
                0x000005d4                LP_FLEXCOMM8_IRQHandler
                0x000005d8                LP_FLEXCOMM9_IRQHandler
                0x000005dc                ADC0_IRQHandler
                0x000005e0                ADC1_IRQHandler
                0x000005e4                PINT0_IRQHandler
                0x000005e8                PDM_EVENT_IRQHandler
                0x000005ec                Reserved65_IRQHandler
                0x000005f0                USB0_FS_IRQHandler
                0x000005f4                USB0_DCD_IRQHandler
                0x000005f8                RTC_IRQHandler
                0x000005fc                SMARTDMA_IRQHandler
                0x00000600                MAILBOX_IRQHandler
                0x00000604                CTIMER3_IRQHandler
                0x00000608                CTIMER4_IRQHandler
                0x0000060c                OS_EVENT_IRQHandler
                0x00000610                FLEXSPI0_IRQHandler
                0x00000614                SAI0_IRQHandler
                0x00000618                SAI1_IRQHandler
                0x0000061c                USDHC0_IRQHandler
                0x00000620                CAN0_IRQHandler
                0x00000624                CAN1_IRQHandler
                0x00000628                Reserved80_IRQHandler
                0x0000062c                Reserved81_IRQHandler
                0x00000630                USB1_HS_PHY_IRQHandler
                0x00000634                USB1_HS_IRQHandler
                0x00000638                SEC_HYPERVISOR_CALL_IRQHandler
                0x0000063c                Reserved85_IRQHandler
                0x00000640                PLU_IRQHandler
                0x00000644                Freqme_IRQHandler
                0x00000648                SEC_VIO_IRQHandler
                0x0000064c                ELS_IRQHandler
                0x00000650                PKC_IRQHandler
                0x00000654                PUF_IRQHandler
                0x00000658                PQ_IRQHandler
                0x0000065c                EDMA_1_CH0_IRQHandler
                0x00000660                EDMA_1_CH1_IRQHandler
                0x00000664                EDMA_1_CH2_IRQHandler
                0x00000668                EDMA_1_CH3_IRQHandler
                0x0000066c                EDMA_1_CH4_IRQHandler
                0x00000670                EDMA_1_CH5_IRQHandler
                0x00000674                EDMA_1_CH6_IRQHandler
                0x00000678                EDMA_1_CH7_IRQHandler
                0x0000067c                EDMA_1_CH8_IRQHandler
                0x00000680                EDMA_1_CH9_IRQHandler
                0x00000684                EDMA_1_CH10_IRQHandler
                0x00000688                EDMA_1_CH11_IRQHandler
                0x0000068c                EDMA_1_CH12_IRQHandler
                0x00000690                EDMA_1_CH13_IRQHandler
                0x00000694                EDMA_1_CH14_IRQHandler
                0x00000698                EDMA_1_CH15_IRQHandler
                0x0000069c                CDOG0_IRQHandler
                0x000006a0                CDOG1_IRQHandler
                0x000006a4                I3C0_IRQHandler
                0x000006a8                I3C1_IRQHandler
                0x000006ac                NPU_IRQHandler
                0x000006b0                GDET_IRQHandler
                0x000006b4                VBAT0_IRQHandler
                0x000006b8                EWM0_IRQHandler
                0x000006bc                TSI_END_OF_SCAN_IRQHandler
                0x000006c0                TSI_OUT_OF_SCAN_IRQHandler
                0x000006c4                EMVSIM0_IRQHandler
                0x000006c8                EMVSIM1_IRQHandler
                0x000006cc                FLEXIO_IRQHandler
                0x000006d0                DAC0_IRQHandler
                0x000006d4                DAC1_IRQHandler
                0x000006d8                DAC2_IRQHandler
                0x000006dc                HSCMP0_IRQHandler
                0x000006e0                HSCMP1_IRQHandler
                0x000006e4                HSCMP2_IRQHandler
                0x000006e8                FLEXPWM0_RELOAD_ERROR_IRQHandler
                0x000006ec                FLEXPWM0_FAULT_IRQHandler
                0x000006f0                FLEXPWM0_SUBMODULE0_IRQHandler
                0x000006f4                FLEXPWM0_SUBMODULE1_IRQHandler
                0x000006f8                FLEXPWM0_SUBMODULE2_IRQHandler
                0x000006fc                FLEXPWM0_SUBMODULE3_IRQHandler
                0x00000700                FLEXPWM1_RELOAD_ERROR_IRQHandler
                0x00000704                FLEXPWM1_FAULT_IRQHandler
                0x00000708                FLEXPWM1_SUBMODULE0_IRQHandler
                0x0000070c                FLEXPWM1_SUBMODULE1_IRQHandler
                0x00000710                FLEXPWM1_SUBMODULE2_IRQHandler
                0x00000714                FLEXPWM1_SUBMODULE3_IRQHandler
                0x00000718                QDC0_COMPARE_IRQHandler
                0x0000071c                QDC0_HOME_IRQHandler
                0x00000720                QDC0_WDG_SAB_IRQHandler
                0x00000724                QDC0_IDX_IRQHandler
                0x00000728                QDC1_COMPARE_IRQHandler
                0x0000072c                QDC1_HOME_IRQHandler
                0x00000730                QDC1_WDG_SAB_IRQHandler
                0x00000734                QDC1_IDX_IRQHandler
                0x00000738                ITRC0_IRQHandler
                0x0000073c                BSP32_IRQHandler
                0x00000740                ELS_ERR_IRQHandler
                0x00000744                PKC_ERR_IRQHandler
                0x00000748                ERM_SINGLE_BIT_ERROR_IRQHandler
                0x0000074c                ERM_MULTI_BIT_ERROR_IRQHandler
                0x00000750                FMU0_IRQHandler
                0x00000754                ETHERNET_IRQHandler
                0x00000758                ETHERNET_PMT_IRQHandler
                0x0000075c                ETHERNET_MACLP_IRQHandler
                0x00000760                SINC_FILTER_IRQHandler
                0x00000764                LPTMR0_IRQHandler
                0x00000768                LPTMR1_IRQHandler
                0x0000076c                SCG_IRQHandler
                0x00000770                SPC_IRQHandler
                0x00000774                WUU_IRQHandler
                0x00000778                PORT_EFT_IRQHandler
                0x0000077c                ETB0_IRQHandler
                0x00000780                Reserved166_IRQHandler
                0x00000784                Reserved167_IRQHandler
                0x00000788                WWDT0_IRQHandler
                0x0000078c                WWDT1_IRQHandler
                0x00000790                CMC0_IRQHandler
                0x00000794                CTI0_IRQHandler
 .text          0x00000a1c       0xa0 CMakeFiles/led_blinky_peripheral_cm33_core0.elf.dir/home/brusli/Documents/Projects/NXP/main/sdks/main_testing_sdk/devices/MCXN947/utilities/fsl_memcpy.S.obj
                0x00000a1c                memcpy
 .text          0x00000abc      0x378 /home/brusli/.mcuxpressotools/arm-gnu-toolchain-14.2.rel1-x86_64-arm-none-eabi/bin/../lib/gcc/arm-none-eabi/14.2.1/thumb/v8-m.main+fp/hard/libgcc.a(_arm_addsubdf3.o)
                0x00000abc                __aeabi_drsub
                0x00000ac4                __aeabi_dsub
                0x00000ac4                __subdf3
                0x00000ac8                __adddf3
                0x00000ac8                __aeabi_dadd
                0x00000d40                __aeabi_ui2d
                0x00000d40                __floatunsidf
                0x00000d60                __floatsidf
                0x00000d60                __aeabi_i2d
                0x00000d84                __extendsfdf2
                0x00000d84                __aeabi_f2d
                0x00000dc8                __aeabi_ul2d
                0x00000dc8                __floatundidf
                0x00000dd8                __floatdidf
                0x00000dd8                __aeabi_l2d
 .text          0x00000e34      0x424 /home/brusli/.mcuxpressotools/arm-gnu-toolchain-14.2.rel1-x86_64-arm-none-eabi/bin/../lib/gcc/arm-none-eabi/14.2.1/thumb/v8-m.main+fp/hard/libgcc.a(_arm_muldivdf3.o)
                0x00000e34                __aeabi_dmul
                0x00000e34                __muldf3
                0x00001088                __aeabi_ddiv
                0x00001088                __divdf3
 .text          0x00001258       0x30 /home/brusli/.mcuxpressotools/arm-gnu-toolchain-14.2.rel1-x86_64-arm-none-eabi/bin/../lib/gcc/arm-none-eabi/14.2.1/thumb/v8-m.main+fp/hard/libgcc.a(_aeabi_uldivmod.o)
                0x00001258                __aeabi_uldivmod
 .text          0x00001288        0x4 /home/brusli/.mcuxpressotools/arm-gnu-toolchain-14.2.rel1-x86_64-arm-none-eabi/bin/../lib/gcc/arm-none-eabi/14.2.1/thumb/v8-m.main+fp/hard/libgcc.a(_dvmd_tls.o)
                0x00001288                __aeabi_ldiv0
                0x00001288                __aeabi_idiv0
 .text          0x0000128c       0x40 /home/brusli/.mcuxpressotools/arm-gnu-toolchain-14.2.rel1-x86_64-arm-none-eabi/bin/../lib/gcc/arm-none-eabi/14.2.1/thumb/v8-m.main+fp/hard/libgcc.a(_arm_fixunsdfsi.o)
                0x0000128c                __fixunsdfsi
                0x0000128c                __aeabi_d2uiz
 .text          0x000012cc       0x10 /home/brusli/.mcuxpressotools/arm-gnu-toolchain-14.2.rel1-x86_64-arm-none-eabi/bin/../lib/gcc/arm-none-eabi/14.2.1/../../../../arm-none-eabi/lib/thumb/v8-m.main+fp/hard/libc_nano.a(libc_a-strlen.o)
                0x000012cc                strlen
 *(.text*)
 .text.deregister_tm_clones
                0x000012dc       0x1c /home/brusli/.mcuxpressotools/arm-gnu-toolchain-14.2.rel1-x86_64-arm-none-eabi/bin/../lib/gcc/arm-none-eabi/14.2.1/thumb/v8-m.main+fp/hard/crtbegin.o
 .text.register_tm_clones
                0x000012f8       0x28 /home/brusli/.mcuxpressotools/arm-gnu-toolchain-14.2.rel1-x86_64-arm-none-eabi/bin/../lib/gcc/arm-none-eabi/14.2.1/thumb/v8-m.main+fp/hard/crtbegin.o
 .text.__do_global_dtors_aux
                0x00001320       0x28 /home/brusli/.mcuxpressotools/arm-gnu-toolchain-14.2.rel1-x86_64-arm-none-eabi/bin/../lib/gcc/arm-none-eabi/14.2.1/thumb/v8-m.main+fp/hard/crtbegin.o
 .text.frame_dummy
                0x00001348       0x24 /home/brusli/.mcuxpressotools/arm-gnu-toolchain-14.2.rel1-x86_64-arm-none-eabi/bin/../lib/gcc/arm-none-eabi/14.2.1/thumb/v8-m.main+fp/hard/crtbegin.o
 .text.GPIO_PinWrite
                0x0000136c       0x36 CMakeFiles/led_blinky_peripheral_cm33_core0.elf.dir/home/brusli/Documents/Projects/NXP/main/MCX_LAB_6_OLED/MCX_LAB_6_OLED/led_blinky.c.obj
 .text.GPIO_PinRead
                0x000013a2       0x24 CMakeFiles/led_blinky_peripheral_cm33_core0.elf.dir/home/brusli/Documents/Projects/NXP/main/MCX_LAB_6_OLED/MCX_LAB_6_OLED/led_blinky.c.obj
 .text.LPADC_DoSoftwareTrigger
                0x000013c6       0x1c CMakeFiles/led_blinky_peripheral_cm33_core0.elf.dir/home/brusli/Documents/Projects/NXP/main/MCX_LAB_6_OLED/MCX_LAB_6_OLED/led_blinky.c.obj
 .text.CTIMER_StartTimer
                0x000013e2       0x20 CMakeFiles/led_blinky_peripheral_cm33_core0.elf.dir/home/brusli/Documents/Projects/NXP/main/MCX_LAB_6_OLED/MCX_LAB_6_OLED/led_blinky.c.obj
 .text.CTIMER_StopTimer
                0x00001402       0x20 CMakeFiles/led_blinky_peripheral_cm33_core0.elf.dir/home/brusli/Documents/Projects/NXP/main/MCX_LAB_6_OLED/MCX_LAB_6_OLED/led_blinky.c.obj
 *fill*         0x00001422        0x2 
 .text.GPIO40_IRQHandler
                0x00001424       0x4c CMakeFiles/led_blinky_peripheral_cm33_core0.elf.dir/home/brusli/Documents/Projects/NXP/main/MCX_LAB_6_OLED/MCX_LAB_6_OLED/led_blinky.c.obj
                0x00001424                GPIO40_IRQHandler
 .text.GPIO00_IRQHandler
                0x00001470       0x30 CMakeFiles/led_blinky_peripheral_cm33_core0.elf.dir/home/brusli/Documents/Projects/NXP/main/MCX_LAB_6_OLED/MCX_LAB_6_OLED/led_blinky.c.obj
                0x00001470                GPIO00_IRQHandler
 .text.GPIO31_IRQHandler
                0x000014a0       0x68 CMakeFiles/led_blinky_peripheral_cm33_core0.elf.dir/home/brusli/Documents/Projects/NXP/main/MCX_LAB_6_OLED/MCX_LAB_6_OLED/led_blinky.c.obj
                0x000014a0                GPIO31_IRQHandler
 .text.ctimer1_match_callback
                0x00001508       0x20 CMakeFiles/led_blinky_peripheral_cm33_core0.elf.dir/home/brusli/Documents/Projects/NXP/main/MCX_LAB_6_OLED/MCX_LAB_6_OLED/led_blinky.c.obj
                0x00001508                ctimer1_match_callback
 .text.ctimer2_match_callback
                0x00001528       0x20 CMakeFiles/led_blinky_peripheral_cm33_core0.elf.dir/home/brusli/Documents/Projects/NXP/main/MCX_LAB_6_OLED/MCX_LAB_6_OLED/led_blinky.c.obj
                0x00001528                ctimer2_match_callback
 .text.main     0x00001548      0x7f4 CMakeFiles/led_blinky_peripheral_cm33_core0.elf.dir/home/brusli/Documents/Projects/NXP/main/MCX_LAB_6_OLED/MCX_LAB_6_OLED/led_blinky.c.obj
                0x00001548                main
 .text.__NVIC_EnableIRQ
                0x00001d3c       0x3c CMakeFiles/led_blinky_peripheral_cm33_core0.elf.dir/home/brusli/Documents/Projects/NXP/main/MCX_LAB_6_OLED/MCX_LAB_6_OLED/peripherals.c.obj
 .text.EnableIRQ
                0x00001d78       0x32 CMakeFiles/led_blinky_peripheral_cm33_core0.elf.dir/home/brusli/Documents/Projects/NXP/main/MCX_LAB_6_OLED/MCX_LAB_6_OLED/peripherals.c.obj
 .text.SPC_EnableActiveModeAnalogModules
                0x00001daa       0x26 CMakeFiles/led_blinky_peripheral_cm33_core0.elf.dir/home/brusli/Documents/Projects/NXP/main/MCX_LAB_6_OLED/MCX_LAB_6_OLED/peripherals.c.obj
 .text.GPIO4_init
                0x00001dd0        0xe CMakeFiles/led_blinky_peripheral_cm33_core0.elf.dir/home/brusli/Documents/Projects/NXP/main/MCX_LAB_6_OLED/MCX_LAB_6_OLED/peripherals.c.obj
 .text.GPIO3_init
                0x00001dde        0xe CMakeFiles/led_blinky_peripheral_cm33_core0.elf.dir/home/brusli/Documents/Projects/NXP/main/MCX_LAB_6_OLED/MCX_LAB_6_OLED/peripherals.c.obj
 .text.VREF0_init
                0x00001dec       0x24 CMakeFiles/led_blinky_peripheral_cm33_core0.elf.dir/home/brusli/Documents/Projects/NXP/main/MCX_LAB_6_OLED/MCX_LAB_6_OLED/peripherals.c.obj
 .text.ADC0_init
                0x00001e10       0x6c CMakeFiles/led_blinky_peripheral_cm33_core0.elf.dir/home/brusli/Documents/Projects/NXP/main/MCX_LAB_6_OLED/MCX_LAB_6_OLED/peripherals.c.obj
 .text.CTIMER0_init
                0x00001e7c       0x34 CMakeFiles/led_blinky_peripheral_cm33_core0.elf.dir/home/brusli/Documents/Projects/NXP/main/MCX_LAB_6_OLED/MCX_LAB_6_OLED/peripherals.c.obj
 .text.CTIMER1_init
                0x00001eb0       0x34 CMakeFiles/led_blinky_peripheral_cm33_core0.elf.dir/home/brusli/Documents/Projects/NXP/main/MCX_LAB_6_OLED/MCX_LAB_6_OLED/peripherals.c.obj
 .text.GPIO0_init
                0x00001ee4        0xe CMakeFiles/led_blinky_peripheral_cm33_core0.elf.dir/home/brusli/Documents/Projects/NXP/main/MCX_LAB_6_OLED/MCX_LAB_6_OLED/peripherals.c.obj
 .text.BOARD_InitPeripherals
                0x00001ef2       0x24 CMakeFiles/led_blinky_peripheral_cm33_core0.elf.dir/home/brusli/Documents/Projects/NXP/main/MCX_LAB_6_OLED/MCX_LAB_6_OLED/peripherals.c.obj
                0x00001ef2                BOARD_InitPeripherals
 .text.BOARD_InitBootPeripherals
                0x00001f16        0xc CMakeFiles/led_blinky_peripheral_cm33_core0.elf.dir/home/brusli/Documents/Projects/NXP/main/MCX_LAB_6_OLED/MCX_LAB_6_OLED/peripherals.c.obj
                0x00001f16                BOARD_InitBootPeripherals
 *fill*         0x00001f22        0x2 
 .text.BOARD_InitDebugConsole
                0x00001f24       0x38 CMakeFiles/led_blinky_peripheral_cm33_core0.elf.dir/home/brusli/Documents/Projects/NXP/main/MCX_LAB_6_OLED/MCX_LAB_6_OLED/board.c.obj
                0x00001f24                BOARD_InitDebugConsole
 .text.CLOCK_EnableClock
                0x00001f5c       0x94 CMakeFiles/led_blinky_peripheral_cm33_core0.elf.dir/home/brusli/Documents/Projects/NXP/main/MCX_LAB_6_OLED/MCX_LAB_6_OLED/clock_config.c.obj
 .text.BOARD_InitBootClocks
                0x00001ff0        0xc CMakeFiles/led_blinky_peripheral_cm33_core0.elf.dir/home/brusli/Documents/Projects/NXP/main/MCX_LAB_6_OLED/MCX_LAB_6_OLED/clock_config.c.obj
                0x00001ff0                BOARD_InitBootClocks
 .text.BOARD_BootClockPLL150M
                0x00001ffc      0x194 CMakeFiles/led_blinky_peripheral_cm33_core0.elf.dir/home/brusli/Documents/Projects/NXP/main/MCX_LAB_6_OLED/MCX_LAB_6_OLED/clock_config.c.obj
                0x00001ffc                BOARD_BootClockPLL150M
 .text.CLOCK_EnableClock
                0x00002190       0x94 CMakeFiles/led_blinky_peripheral_cm33_core0.elf.dir/home/brusli/Documents/Projects/NXP/main/MCX_LAB_6_OLED/MCX_LAB_6_OLED/pin_mux.c.obj
 .text.PORT_SetPinConfig
                0x00002224       0x48 CMakeFiles/led_blinky_peripheral_cm33_core0.elf.dir/home/brusli/Documents/Projects/NXP/main/MCX_LAB_6_OLED/MCX_LAB_6_OLED/pin_mux.c.obj
 .text.PORT_SetPinMux
                0x0000226c       0x3e CMakeFiles/led_blinky_peripheral_cm33_core0.elf.dir/home/brusli/Documents/Projects/NXP/main/MCX_LAB_6_OLED/MCX_LAB_6_OLED/pin_mux.c.obj
 *fill*         0x000022aa        0x2 
 .text.GPIO_SetPinInterruptConfig
                0x000022ac       0x5c CMakeFiles/led_blinky_peripheral_cm33_core0.elf.dir/home/brusli/Documents/Projects/NXP/main/MCX_LAB_6_OLED/MCX_LAB_6_OLED/pin_mux.c.obj
 .text.BOARD_InitBootPins
                0x00002308       0x10 CMakeFiles/led_blinky_peripheral_cm33_core0.elf.dir/home/brusli/Documents/Projects/NXP/main/MCX_LAB_6_OLED/MCX_LAB_6_OLED/pin_mux.c.obj
                0x00002308                BOARD_InitBootPins
 .text.BOARD_InitDEBUG_UARTPins
                0x00002318       0x5c CMakeFiles/led_blinky_peripheral_cm33_core0.elf.dir/home/brusli/Documents/Projects/NXP/main/MCX_LAB_6_OLED/MCX_LAB_6_OLED/pin_mux.c.obj
                0x00002318                BOARD_InitDEBUG_UARTPins
 .text.BOARD_InitLEDsPins
                0x00002374       0xc0 CMakeFiles/led_blinky_peripheral_cm33_core0.elf.dir/home/brusli/Documents/Projects/NXP/main/MCX_LAB_6_OLED/MCX_LAB_6_OLED/pin_mux.c.obj
                0x00002374                BOARD_InitLEDsPins
 .text.BOARD_InitBUTTONsPins
                0x00002434       0x88 CMakeFiles/led_blinky_peripheral_cm33_core0.elf.dir/home/brusli/Documents/Projects/NXP/main/MCX_LAB_6_OLED/MCX_LAB_6_OLED/pin_mux.c.obj
                0x00002434                BOARD_InitBUTTONsPins
 .text.SHIELD_InitLEDsPins
                0x000024bc      0x1c8 CMakeFiles/led_blinky_peripheral_cm33_core0.elf.dir/home/brusli/Documents/Projects/NXP/main/MCX_LAB_6_OLED/MCX_LAB_6_OLED/pin_mux.c.obj
                0x000024bc                SHIELD_InitLEDsPins
 .text.SHIELD_InitBUTTONsPins
                0x00002684      0x13c CMakeFiles/led_blinky_peripheral_cm33_core0.elf.dir/home/brusli/Documents/Projects/NXP/main/MCX_LAB_6_OLED/MCX_LAB_6_OLED/pin_mux.c.obj
                0x00002684                SHIELD_InitBUTTONsPins
 .text.SHIELD_NAVSwitchPins
                0x000027c0      0x14c CMakeFiles/led_blinky_peripheral_cm33_core0.elf.dir/home/brusli/Documents/Projects/NXP/main/MCX_LAB_6_OLED/MCX_LAB_6_OLED/pin_mux.c.obj
                0x000027c0                SHIELD_NAVSwitchPins
 .text.SHIELD_DIPSwitchPins
                0x0000290c      0x1c8 CMakeFiles/led_blinky_peripheral_cm33_core0.elf.dir/home/brusli/Documents/Projects/NXP/main/MCX_LAB_6_OLED/MCX_LAB_6_OLED/pin_mux.c.obj
                0x0000290c                SHIELD_DIPSwitchPins
 .text.SHIELD_RotaryPins
                0x00002ad4       0xec CMakeFiles/led_blinky_peripheral_cm33_core0.elf.dir/home/brusli/Documents/Projects/NXP/main/MCX_LAB_6_OLED/MCX_LAB_6_OLED/pin_mux.c.obj
                0x00002ad4                SHIELD_RotaryPins
 .text.LPI2C2_InitPins
                0x00002bc0       0x48 CMakeFiles/led_blinky_peripheral_cm33_core0.elf.dir/home/brusli/Documents/Projects/NXP/main/MCX_LAB_6_OLED/MCX_LAB_6_OLED/pin_mux.c.obj
                0x00002bc0                LPI2C2_InitPins
 .text.sendOLED
                0x00002c08       0x44 CMakeFiles/led_blinky_peripheral_cm33_core0.elf.dir/home/brusli/Documents/Projects/NXP/main/MCX_LAB_6_OLED/MCX_LAB_6_OLED/oled.c.obj
                0x00002c08                sendOLED
 .text.initOLED
                0x00002c4c       0x7c CMakeFiles/led_blinky_peripheral_cm33_core0.elf.dir/home/brusli/Documents/Projects/NXP/main/MCX_LAB_6_OLED/MCX_LAB_6_OLED/oled.c.obj
                0x00002c4c                initOLED
 .text.printfOLED
                0x00002cc8      0x154 CMakeFiles/led_blinky_peripheral_cm33_core0.elf.dir/home/brusli/Documents/Projects/NXP/main/MCX_LAB_6_OLED/MCX_LAB_6_OLED/oled.c.obj
                0x00002cc8                printfOLED
 .text.writeChar
                0x00002e1c       0x34 CMakeFiles/led_blinky_peripheral_cm33_core0.elf.dir/home/brusli/Documents/Projects/NXP/main/MCX_LAB_6_OLED/MCX_LAB_6_OLED/oled.c.obj
                0x00002e1c                writeChar
 .text.setPage  0x00002e50       0x28 CMakeFiles/led_blinky_peripheral_cm33_core0.elf.dir/home/brusli/Documents/Projects/NXP/main/MCX_LAB_6_OLED/MCX_LAB_6_OLED/oled.c.obj
                0x00002e50                setPage
 .text.setSeg   0x00002e78       0x38 CMakeFiles/led_blinky_peripheral_cm33_core0.elf.dir/home/brusli/Documents/Projects/NXP/main/MCX_LAB_6_OLED/MCX_LAB_6_OLED/oled.c.obj
                0x00002e78                setSeg
 .text.fillOLED
                0x00002eb0       0x6e CMakeFiles/led_blinky_peripheral_cm33_core0.elf.dir/home/brusli/Documents/Projects/NXP/main/MCX_LAB_6_OLED/MCX_LAB_6_OLED/oled.c.obj
                0x00002eb0                fillOLED
 *fill*         0x00002f1e        0x2 
 .text.lineWrap
                0x00002f20       0x88 CMakeFiles/led_blinky_peripheral_cm33_core0.elf.dir/home/brusli/Documents/Projects/NXP/main/MCX_LAB_6_OLED/MCX_LAB_6_OLED/oled.c.obj
                0x00002f20                lineWrap
 .text.resetOLED
                0x00002fa8       0x30 CMakeFiles/led_blinky_peripheral_cm33_core0.elf.dir/home/brusli/Documents/Projects/NXP/main/MCX_LAB_6_OLED/MCX_LAB_6_OLED/oled.c.obj
                0x00002fa8                resetOLED
 .text.fillPage
                0x00002fd8       0x4e CMakeFiles/led_blinky_peripheral_cm33_core0.elf.dir/home/brusli/Documents/Projects/NXP/main/MCX_LAB_6_OLED/MCX_LAB_6_OLED/oled.c.obj
                0x00002fd8                fillPage
 .text.scrollOLED
                0x00003026       0x28 CMakeFiles/led_blinky_peripheral_cm33_core0.elf.dir/home/brusli/Documents/Projects/NXP/main/MCX_LAB_6_OLED/MCX_LAB_6_OLED/oled.c.obj
                0x00003026                scrollOLED
 .text.HAL_UartGetStatus
                0x0000304e       0x28 CMakeFiles/led_blinky_peripheral_cm33_core0.elf.dir/home/brusli/Documents/Projects/NXP/main/sdks/main_testing_sdk/components/uart/fsl_adapter_lpuart.c.obj
 *fill*         0x00003076        0x2 
 .text.HAL_UartInitCommon
                0x00003078       0xe4 CMakeFiles/led_blinky_peripheral_cm33_core0.elf.dir/home/brusli/Documents/Projects/NXP/main/sdks/main_testing_sdk/components/uart/fsl_adapter_lpuart.c.obj
 .text.HAL_UartInit
                0x0000315c       0xac CMakeFiles/led_blinky_peripheral_cm33_core0.elf.dir/home/brusli/Documents/Projects/NXP/main/sdks/main_testing_sdk/components/uart/fsl_adapter_lpuart.c.obj
                0x0000315c                HAL_UartInit
 .text.HAL_UartReceiveBlocking
                0x00003208       0x8c CMakeFiles/led_blinky_peripheral_cm33_core0.elf.dir/home/brusli/Documents/Projects/NXP/main/sdks/main_testing_sdk/components/uart/fsl_adapter_lpuart.c.obj
                0x00003208                HAL_UartReceiveBlocking
 .text.HAL_UartSendBlocking
                0x00003294       0x84 CMakeFiles/led_blinky_peripheral_cm33_core0.elf.dir/home/brusli/Documents/Projects/NXP/main/sdks/main_testing_sdk/components/uart/fsl_adapter_lpuart.c.obj
                0x00003294                HAL_UartSendBlocking
 .text.SystemInit
                0x00003318      0x124 CMakeFiles/led_blinky_peripheral_cm33_core0.elf.dir/home/brusli/Documents/Projects/NXP/main/sdks/main_testing_sdk/devices/MCXN947/system_MCXN947_cm33_core0.c.obj
                0x00003318                SystemInit
 .text.SystemInitHook
                0x0000343c        0xe CMakeFiles/led_blinky_peripheral_cm33_core0.elf.dir/home/brusli/Documents/Projects/NXP/main/sdks/main_testing_sdk/devices/MCXN947/system_MCXN947_cm33_core0.c.obj
                0x0000343c                SystemInitHook
 *fill*         0x0000344a        0x2 
 .text.CLOCK_IsPLL0Locked
                0x0000344c       0x28 CMakeFiles/led_blinky_peripheral_cm33_core0.elf.dir/home/brusli/Documents/Projects/NXP/main/sdks/main_testing_sdk/devices/MCXN947/drivers/fsl_clock.c.obj
 .text.CLOCK_IsPLL1Locked
                0x00003474       0x28 CMakeFiles/led_blinky_peripheral_cm33_core0.elf.dir/home/brusli/Documents/Projects/NXP/main/sdks/main_testing_sdk/devices/MCXN947/drivers/fsl_clock.c.obj
 .text.CLOCK_SetupFROHFClocking
                0x0000349c       0x9c CMakeFiles/led_blinky_peripheral_cm33_core0.elf.dir/home/brusli/Documents/Projects/NXP/main/sdks/main_testing_sdk/devices/MCXN947/drivers/fsl_clock.c.obj
                0x0000349c                CLOCK_SetupFROHFClocking
 .text.CLOCK_SetPll0MonitorMode
                0x00003538       0x38 CMakeFiles/led_blinky_peripheral_cm33_core0.elf.dir/home/brusli/Documents/Projects/NXP/main/sdks/main_testing_sdk/devices/MCXN947/drivers/fsl_clock.c.obj
                0x00003538                CLOCK_SetPll0MonitorMode
 .text.CLOCK_SetPll1MonitorMode
                0x00003570       0x38 CMakeFiles/led_blinky_peripheral_cm33_core0.elf.dir/home/brusli/Documents/Projects/NXP/main/sdks/main_testing_sdk/devices/MCXN947/drivers/fsl_clock.c.obj
                0x00003570                CLOCK_SetPll1MonitorMode
 .text.CLOCK_AttachClk
                0x000035a8       0xb0 CMakeFiles/led_blinky_peripheral_cm33_core0.elf.dir/home/brusli/Documents/Projects/NXP/main/sdks/main_testing_sdk/devices/MCXN947/drivers/fsl_clock.c.obj
                0x000035a8                CLOCK_AttachClk
 .text.CLOCK_SetClkDiv
                0x00003658       0x54 CMakeFiles/led_blinky_peripheral_cm33_core0.elf.dir/home/brusli/Documents/Projects/NXP/main/sdks/main_testing_sdk/devices/MCXN947/drivers/fsl_clock.c.obj
                0x00003658                CLOCK_SetClkDiv
 .text.CLOCK_GetLPFlexCommClkFreq
                0x000036ac       0xa0 CMakeFiles/led_blinky_peripheral_cm33_core0.elf.dir/home/brusli/Documents/Projects/NXP/main/sdks/main_testing_sdk/devices/MCXN947/drivers/fsl_clock.c.obj
                0x000036ac                CLOCK_GetLPFlexCommClkFreq
 .text.CLOCK_GetPll0OutFreq
                0x0000374c       0x88 CMakeFiles/led_blinky_peripheral_cm33_core0.elf.dir/home/brusli/Documents/Projects/NXP/main/sdks/main_testing_sdk/devices/MCXN947/drivers/fsl_clock.c.obj
                0x0000374c                CLOCK_GetPll0OutFreq
 .text.CLOCK_GetPll1OutFreq
                0x000037d4       0x82 CMakeFiles/led_blinky_peripheral_cm33_core0.elf.dir/home/brusli/Documents/Projects/NXP/main/sdks/main_testing_sdk/devices/MCXN947/drivers/fsl_clock.c.obj
                0x000037d4                CLOCK_GetPll1OutFreq
 .text.CLOCK_GetPllClkDivFreq
                0x00003856       0x5e CMakeFiles/led_blinky_peripheral_cm33_core0.elf.dir/home/brusli/Documents/Projects/NXP/main/sdks/main_testing_sdk/devices/MCXN947/drivers/fsl_clock.c.obj
                0x00003856                CLOCK_GetPllClkDivFreq
 .text.CLOCK_GetPLL0InClockRate
                0x000038b4       0x5c CMakeFiles/led_blinky_peripheral_cm33_core0.elf.dir/home/brusli/Documents/Projects/NXP/main/sdks/main_testing_sdk/devices/MCXN947/drivers/fsl_clock.c.obj
                0x000038b4                CLOCK_GetPLL0InClockRate
 .text.CLOCK_GetPLL1InClockRate
                0x00003910       0x58 CMakeFiles/led_blinky_peripheral_cm33_core0.elf.dir/home/brusli/Documents/Projects/NXP/main/sdks/main_testing_sdk/devices/MCXN947/drivers/fsl_clock.c.obj
                0x00003910                CLOCK_GetPLL1InClockRate
 .text.CLOCK_SetPLL0Freq
                0x00003968      0x10c CMakeFiles/led_blinky_peripheral_cm33_core0.elf.dir/home/brusli/Documents/Projects/NXP/main/sdks/main_testing_sdk/devices/MCXN947/drivers/fsl_clock.c.obj
                0x00003968                CLOCK_SetPLL0Freq
 .text.CLOCK_SetPLL1Freq
                0x00003a74      0x10c CMakeFiles/led_blinky_peripheral_cm33_core0.elf.dir/home/brusli/Documents/Projects/NXP/main/sdks/main_testing_sdk/devices/MCXN947/drivers/fsl_clock.c.obj
                0x00003a74                CLOCK_SetPLL1Freq
 .text.CLOCK_GetFro12MFreq
                0x00003b80       0x2c CMakeFiles/led_blinky_peripheral_cm33_core0.elf.dir/home/brusli/Documents/Projects/NXP/main/sdks/main_testing_sdk/devices/MCXN947/drivers/fsl_clock.c.obj
 .text.CLOCK_GetClk1MFreq
                0x00003bac       0x14 CMakeFiles/led_blinky_peripheral_cm33_core0.elf.dir/home/brusli/Documents/Projects/NXP/main/sdks/main_testing_sdk/devices/MCXN947/drivers/fsl_clock.c.obj
 .text.CLOCK_GetFroHfFreq
                0x00003bc0       0x4c CMakeFiles/led_blinky_peripheral_cm33_core0.elf.dir/home/brusli/Documents/Projects/NXP/main/sdks/main_testing_sdk/devices/MCXN947/drivers/fsl_clock.c.obj
 .text.CLOCK_GetClk48MFreq
                0x00003c0c       0x2c CMakeFiles/led_blinky_peripheral_cm33_core0.elf.dir/home/brusli/Documents/Projects/NXP/main/sdks/main_testing_sdk/devices/MCXN947/drivers/fsl_clock.c.obj
 .text.CLOCK_GetClk16KFreq
                0x00003c38       0x44 CMakeFiles/led_blinky_peripheral_cm33_core0.elf.dir/home/brusli/Documents/Projects/NXP/main/sdks/main_testing_sdk/devices/MCXN947/drivers/fsl_clock.c.obj
 .text.CLOCK_GetExtClkFreq
                0x00003c7c       0x2c CMakeFiles/led_blinky_peripheral_cm33_core0.elf.dir/home/brusli/Documents/Projects/NXP/main/sdks/main_testing_sdk/devices/MCXN947/drivers/fsl_clock.c.obj
 .text.CLOCK_GetOsc32KFreq
                0x00003ca8       0x4c CMakeFiles/led_blinky_peripheral_cm33_core0.elf.dir/home/brusli/Documents/Projects/NXP/main/sdks/main_testing_sdk/devices/MCXN947/drivers/fsl_clock.c.obj
 .text.CLOCK_GetLposcFreq
                0x00003cf4       0x48 CMakeFiles/led_blinky_peripheral_cm33_core0.elf.dir/home/brusli/Documents/Projects/NXP/main/sdks/main_testing_sdk/devices/MCXN947/drivers/fsl_clock.c.obj
 .text.findPll0PreDiv
                0x00003d3c       0x40 CMakeFiles/led_blinky_peripheral_cm33_core0.elf.dir/home/brusli/Documents/Projects/NXP/main/sdks/main_testing_sdk/devices/MCXN947/drivers/fsl_clock.c.obj
 .text.findPll1PreDiv
                0x00003d7c       0x40 CMakeFiles/led_blinky_peripheral_cm33_core0.elf.dir/home/brusli/Documents/Projects/NXP/main/sdks/main_testing_sdk/devices/MCXN947/drivers/fsl_clock.c.obj
 .text.findPll0PostDiv
                0x00003dbc       0x60 CMakeFiles/led_blinky_peripheral_cm33_core0.elf.dir/home/brusli/Documents/Projects/NXP/main/sdks/main_testing_sdk/devices/MCXN947/drivers/fsl_clock.c.obj
 .text.findPll1PostDiv
                0x00003e1c       0x60 CMakeFiles/led_blinky_peripheral_cm33_core0.elf.dir/home/brusli/Documents/Projects/NXP/main/sdks/main_testing_sdk/devices/MCXN947/drivers/fsl_clock.c.obj
 .text.findPll0MMult
                0x00003e7c       0xac CMakeFiles/led_blinky_peripheral_cm33_core0.elf.dir/home/brusli/Documents/Projects/NXP/main/sdks/main_testing_sdk/devices/MCXN947/drivers/fsl_clock.c.obj
 .text.findPll1MMult
                0x00003f28       0xac CMakeFiles/led_blinky_peripheral_cm33_core0.elf.dir/home/brusli/Documents/Projects/NXP/main/sdks/main_testing_sdk/devices/MCXN947/drivers/fsl_clock.c.obj
 .text.DelayLoop
                0x00003fd4       0x20 CMakeFiles/led_blinky_peripheral_cm33_core0.elf.dir/home/brusli/Documents/Projects/NXP/main/sdks/main_testing_sdk/devices/MCXN947/drivers/fsl_common_arm.c.obj
 .text.SDK_DelayAtLeastUs
                0x00003ff4       0x98 CMakeFiles/led_blinky_peripheral_cm33_core0.elf.dir/home/brusli/Documents/Projects/NXP/main/sdks/main_testing_sdk/devices/MCXN947/drivers/fsl_common_arm.c.obj
                0x00003ff4                SDK_DelayAtLeastUs
 .text.__NVIC_EnableIRQ
                0x0000408c       0x3c CMakeFiles/led_blinky_peripheral_cm33_core0.elf.dir/home/brusli/Documents/Projects/NXP/main/sdks/main_testing_sdk/devices/MCXN947/drivers/fsl_ctimer.c.obj
 .text.CLOCK_EnableClock
                0x000040c8       0x94 CMakeFiles/led_blinky_peripheral_cm33_core0.elf.dir/home/brusli/Documents/Projects/NXP/main/sdks/main_testing_sdk/devices/MCXN947/drivers/fsl_ctimer.c.obj
 .text.EnableIRQ
                0x0000415c       0x32 CMakeFiles/led_blinky_peripheral_cm33_core0.elf.dir/home/brusli/Documents/Projects/NXP/main/sdks/main_testing_sdk/devices/MCXN947/drivers/fsl_ctimer.c.obj
 .text.CTIMER_GetStatusFlags
                0x0000418e       0x18 CMakeFiles/led_blinky_peripheral_cm33_core0.elf.dir/home/brusli/Documents/Projects/NXP/main/sdks/main_testing_sdk/devices/MCXN947/drivers/fsl_ctimer.c.obj
 .text.CTIMER_ClearStatusFlags
                0x000041a6       0x1c CMakeFiles/led_blinky_peripheral_cm33_core0.elf.dir/home/brusli/Documents/Projects/NXP/main/sdks/main_testing_sdk/devices/MCXN947/drivers/fsl_ctimer.c.obj
 *fill*         0x000041c2        0x2 
 .text.CTIMER_GetInstance
                0x000041c4       0x60 CMakeFiles/led_blinky_peripheral_cm33_core0.elf.dir/home/brusli/Documents/Projects/NXP/main/sdks/main_testing_sdk/devices/MCXN947/drivers/fsl_ctimer.c.obj
 .text.CTIMER_Init
                0x00004224       0x8c CMakeFiles/led_blinky_peripheral_cm33_core0.elf.dir/home/brusli/Documents/Projects/NXP/main/sdks/main_testing_sdk/devices/MCXN947/drivers/fsl_ctimer.c.obj
                0x00004224                CTIMER_Init
 .text.CTIMER_SetupMatch
                0x000042b0      0x128 CMakeFiles/led_blinky_peripheral_cm33_core0.elf.dir/home/brusli/Documents/Projects/NXP/main/sdks/main_testing_sdk/devices/MCXN947/drivers/fsl_ctimer.c.obj
                0x000042b0                CTIMER_SetupMatch
 .text.CTIMER_RegisterCallBack
                0x000043d8       0x3c CMakeFiles/led_blinky_peripheral_cm33_core0.elf.dir/home/brusli/Documents/Projects/NXP/main/sdks/main_testing_sdk/devices/MCXN947/drivers/fsl_ctimer.c.obj
                0x000043d8                CTIMER_RegisterCallBack
 .text.CTIMER_GenericIRQHandler
                0x00004414       0xb4 CMakeFiles/led_blinky_peripheral_cm33_core0.elf.dir/home/brusli/Documents/Projects/NXP/main/sdks/main_testing_sdk/devices/MCXN947/drivers/fsl_ctimer.c.obj
 .text.CTIMER0_DriverIRQHandler
                0x000044c8        0xe CMakeFiles/led_blinky_peripheral_cm33_core0.elf.dir/home/brusli/Documents/Projects/NXP/main/sdks/main_testing_sdk/devices/MCXN947/drivers/fsl_ctimer.c.obj
                0x000044c8                CTIMER0_DriverIRQHandler
 .text.CTIMER1_DriverIRQHandler
                0x000044d6        0xe CMakeFiles/led_blinky_peripheral_cm33_core0.elf.dir/home/brusli/Documents/Projects/NXP/main/sdks/main_testing_sdk/devices/MCXN947/drivers/fsl_ctimer.c.obj
                0x000044d6                CTIMER1_DriverIRQHandler
 .text.CTIMER2_DriverIRQHandler
                0x000044e4        0xe CMakeFiles/led_blinky_peripheral_cm33_core0.elf.dir/home/brusli/Documents/Projects/NXP/main/sdks/main_testing_sdk/devices/MCXN947/drivers/fsl_ctimer.c.obj
                0x000044e4                CTIMER2_DriverIRQHandler
 .text.CTIMER3_DriverIRQHandler
                0x000044f2        0xe CMakeFiles/led_blinky_peripheral_cm33_core0.elf.dir/home/brusli/Documents/Projects/NXP/main/sdks/main_testing_sdk/devices/MCXN947/drivers/fsl_ctimer.c.obj
                0x000044f2                CTIMER3_DriverIRQHandler
 .text.CTIMER4_DriverIRQHandler
                0x00004500        0xe CMakeFiles/led_blinky_peripheral_cm33_core0.elf.dir/home/brusli/Documents/Projects/NXP/main/sdks/main_testing_sdk/devices/MCXN947/drivers/fsl_ctimer.c.obj
                0x00004500                CTIMER4_DriverIRQHandler
 .text.CLOCK_EnableClock
                0x0000450e       0x94 CMakeFiles/led_blinky_peripheral_cm33_core0.elf.dir/home/brusli/Documents/Projects/NXP/main/sdks/main_testing_sdk/devices/MCXN947/drivers/fsl_gpio.c.obj
 .text.CLOCK_DisableClock
                0x000045a2       0xb8 CMakeFiles/led_blinky_peripheral_cm33_core0.elf.dir/home/brusli/Documents/Projects/NXP/main/sdks/main_testing_sdk/devices/MCXN947/drivers/fsl_gpio.c.obj
 .text.GPIO_PinWrite
                0x0000465a       0x36 CMakeFiles/led_blinky_peripheral_cm33_core0.elf.dir/home/brusli/Documents/Projects/NXP/main/sdks/main_testing_sdk/devices/MCXN947/drivers/fsl_gpio.c.obj
 .text.GPIO_GetInstance
                0x00004690       0x58 CMakeFiles/led_blinky_peripheral_cm33_core0.elf.dir/home/brusli/Documents/Projects/NXP/main/sdks/main_testing_sdk/devices/MCXN947/drivers/fsl_gpio.c.obj
 .text.GPIO_PortClockEnable
                0x000046e8       0x64 CMakeFiles/led_blinky_peripheral_cm33_core0.elf.dir/home/brusli/Documents/Projects/NXP/main/sdks/main_testing_sdk/devices/MCXN947/drivers/fsl_gpio.c.obj
 .text.GPIO_PinInit
                0x0000474c       0x78 CMakeFiles/led_blinky_peripheral_cm33_core0.elf.dir/home/brusli/Documents/Projects/NXP/main/sdks/main_testing_sdk/devices/MCXN947/drivers/fsl_gpio.c.obj
                0x0000474c                GPIO_PinInit
 .text.GPIO_GpioGetInterruptChannelFlags
                0x000047c4       0x3c CMakeFiles/led_blinky_peripheral_cm33_core0.elf.dir/home/brusli/Documents/Projects/NXP/main/sdks/main_testing_sdk/devices/MCXN947/drivers/fsl_gpio.c.obj
                0x000047c4                GPIO_GpioGetInterruptChannelFlags
 .text.GPIO_GpioClearInterruptChannelFlags
                0x00004800       0x40 CMakeFiles/led_blinky_peripheral_cm33_core0.elf.dir/home/brusli/Documents/Projects/NXP/main/sdks/main_testing_sdk/devices/MCXN947/drivers/fsl_gpio.c.obj
                0x00004800                GPIO_GpioClearInterruptChannelFlags
 .text.CLOCK_EnableClock
                0x00004840       0x94 CMakeFiles/led_blinky_peripheral_cm33_core0.elf.dir/home/brusli/Documents/Projects/NXP/main/sdks/main_testing_sdk/devices/MCXN947/drivers/fsl_lpadc.c.obj
 .text.RESET_ReleasePeripheralReset
                0x000048d4       0x16 CMakeFiles/led_blinky_peripheral_cm33_core0.elf.dir/home/brusli/Documents/Projects/NXP/main/sdks/main_testing_sdk/devices/MCXN947/drivers/fsl_lpadc.c.obj
 .text.LPADC_Enable
                0x000048ea       0x38 CMakeFiles/led_blinky_peripheral_cm33_core0.elf.dir/home/brusli/Documents/Projects/NXP/main/sdks/main_testing_sdk/devices/MCXN947/drivers/fsl_lpadc.c.obj
 .text.LPADC_DoResetFIFO0
                0x00004922       0x20 CMakeFiles/led_blinky_peripheral_cm33_core0.elf.dir/home/brusli/Documents/Projects/NXP/main/sdks/main_testing_sdk/devices/MCXN947/drivers/fsl_lpadc.c.obj
 .text.LPADC_DoResetFIFO1
                0x00004942       0x20 CMakeFiles/led_blinky_peripheral_cm33_core0.elf.dir/home/brusli/Documents/Projects/NXP/main/sdks/main_testing_sdk/devices/MCXN947/drivers/fsl_lpadc.c.obj
 .text.LPADC_DoResetConfig
                0x00004962       0x2c CMakeFiles/led_blinky_peripheral_cm33_core0.elf.dir/home/brusli/Documents/Projects/NXP/main/sdks/main_testing_sdk/devices/MCXN947/drivers/fsl_lpadc.c.obj
 *fill*         0x0000498e        0x2 
 .text.LPADC_GetInstance
                0x00004990       0x58 CMakeFiles/led_blinky_peripheral_cm33_core0.elf.dir/home/brusli/Documents/Projects/NXP/main/sdks/main_testing_sdk/devices/MCXN947/drivers/fsl_lpadc.c.obj
 .text.LPADC_Init
                0x000049e8      0x17c CMakeFiles/led_blinky_peripheral_cm33_core0.elf.dir/home/brusli/Documents/Projects/NXP/main/sdks/main_testing_sdk/devices/MCXN947/drivers/fsl_lpadc.c.obj
                0x000049e8                LPADC_Init
 .text.LPADC_GetConvResultBlocking
                0x00004b64       0x88 CMakeFiles/led_blinky_peripheral_cm33_core0.elf.dir/home/brusli/Documents/Projects/NXP/main/sdks/main_testing_sdk/devices/MCXN947/drivers/fsl_lpadc.c.obj
                0x00004b64                LPADC_GetConvResultBlocking
 .text.LPADC_SetConvTriggerConfig
                0x00004bec       0xa4 CMakeFiles/led_blinky_peripheral_cm33_core0.elf.dir/home/brusli/Documents/Projects/NXP/main/sdks/main_testing_sdk/devices/MCXN947/drivers/fsl_lpadc.c.obj
                0x00004bec                LPADC_SetConvTriggerConfig
 .text.LPADC_SetConvCommandConfig
                0x00004c90      0x180 CMakeFiles/led_blinky_peripheral_cm33_core0.elf.dir/home/brusli/Documents/Projects/NXP/main/sdks/main_testing_sdk/devices/MCXN947/drivers/fsl_lpadc.c.obj
                0x00004c90                LPADC_SetConvCommandConfig
 .text.CLOCK_EnableClock
                0x00004e10       0x94 CMakeFiles/led_blinky_peripheral_cm33_core0.elf.dir/home/brusli/Documents/Projects/NXP/main/sdks/main_testing_sdk/devices/MCXN947/drivers/fsl_lpflexcomm.c.obj
 .text.LP_FLEXCOMM_PeripheralIsPresent
                0x00004ea4       0x52 CMakeFiles/led_blinky_peripheral_cm33_core0.elf.dir/home/brusli/Documents/Projects/NXP/main/sdks/main_testing_sdk/devices/MCXN947/drivers/fsl_lpflexcomm.c.obj
 *fill*         0x00004ef6        0x2 
 .text.LP_FLEXCOMM_GetBaseAddress
                0x00004ef8       0x2c CMakeFiles/led_blinky_peripheral_cm33_core0.elf.dir/home/brusli/Documents/Projects/NXP/main/sdks/main_testing_sdk/devices/MCXN947/drivers/fsl_lpflexcomm.c.obj
                0x00004ef8                LP_FLEXCOMM_GetBaseAddress
 .text.LP_FLEXCOMM_GetInterruptStatus
                0x00004f24       0x28 CMakeFiles/led_blinky_peripheral_cm33_core0.elf.dir/home/brusli/Documents/Projects/NXP/main/sdks/main_testing_sdk/devices/MCXN947/drivers/fsl_lpflexcomm.c.obj
                0x00004f24                LP_FLEXCOMM_GetInterruptStatus
 .text.LP_FLEXCOMM_SetPeriph
                0x00004f4c       0xa0 CMakeFiles/led_blinky_peripheral_cm33_core0.elf.dir/home/brusli/Documents/Projects/NXP/main/sdks/main_testing_sdk/devices/MCXN947/drivers/fsl_lpflexcomm.c.obj
 .text.LP_FLEXCOMM_Init
                0x00004fec       0x64 CMakeFiles/led_blinky_peripheral_cm33_core0.elf.dir/home/brusli/Documents/Projects/NXP/main/sdks/main_testing_sdk/devices/MCXN947/drivers/fsl_lpflexcomm.c.obj
                0x00004fec                LP_FLEXCOMM_Init
 .text.LP_FLEXCOMM_CommonIRQHandler
                0x00005050       0xb8 CMakeFiles/led_blinky_peripheral_cm33_core0.elf.dir/home/brusli/Documents/Projects/NXP/main/sdks/main_testing_sdk/devices/MCXN947/drivers/fsl_lpflexcomm.c.obj
 .text.LP_FLEXCOMM0_DriverIRQHandler
                0x00005108        0xe CMakeFiles/led_blinky_peripheral_cm33_core0.elf.dir/home/brusli/Documents/Projects/NXP/main/sdks/main_testing_sdk/devices/MCXN947/drivers/fsl_lpflexcomm.c.obj
                0x00005108                LP_FLEXCOMM0_DriverIRQHandler
 .text.LP_FLEXCOMM1_DriverIRQHandler
                0x00005116        0xe CMakeFiles/led_blinky_peripheral_cm33_core0.elf.dir/home/brusli/Documents/Projects/NXP/main/sdks/main_testing_sdk/devices/MCXN947/drivers/fsl_lpflexcomm.c.obj
                0x00005116                LP_FLEXCOMM1_DriverIRQHandler
 .text.LP_FLEXCOMM2_DriverIRQHandler
                0x00005124        0xe CMakeFiles/led_blinky_peripheral_cm33_core0.elf.dir/home/brusli/Documents/Projects/NXP/main/sdks/main_testing_sdk/devices/MCXN947/drivers/fsl_lpflexcomm.c.obj
                0x00005124                LP_FLEXCOMM2_DriverIRQHandler
 .text.LP_FLEXCOMM3_DriverIRQHandler
                0x00005132        0xe CMakeFiles/led_blinky_peripheral_cm33_core0.elf.dir/home/brusli/Documents/Projects/NXP/main/sdks/main_testing_sdk/devices/MCXN947/drivers/fsl_lpflexcomm.c.obj
                0x00005132                LP_FLEXCOMM3_DriverIRQHandler
 .text.LP_FLEXCOMM4_DriverIRQHandler
                0x00005140        0xe CMakeFiles/led_blinky_peripheral_cm33_core0.elf.dir/home/brusli/Documents/Projects/NXP/main/sdks/main_testing_sdk/devices/MCXN947/drivers/fsl_lpflexcomm.c.obj
                0x00005140                LP_FLEXCOMM4_DriverIRQHandler
 .text.LP_FLEXCOMM5_DriverIRQHandler
                0x0000514e        0xe CMakeFiles/led_blinky_peripheral_cm33_core0.elf.dir/home/brusli/Documents/Projects/NXP/main/sdks/main_testing_sdk/devices/MCXN947/drivers/fsl_lpflexcomm.c.obj
                0x0000514e                LP_FLEXCOMM5_DriverIRQHandler
 .text.LP_FLEXCOMM6_DriverIRQHandler
                0x0000515c        0xe CMakeFiles/led_blinky_peripheral_cm33_core0.elf.dir/home/brusli/Documents/Projects/NXP/main/sdks/main_testing_sdk/devices/MCXN947/drivers/fsl_lpflexcomm.c.obj
                0x0000515c                LP_FLEXCOMM6_DriverIRQHandler
 .text.LP_FLEXCOMM7_DriverIRQHandler
                0x0000516a        0xe CMakeFiles/led_blinky_peripheral_cm33_core0.elf.dir/home/brusli/Documents/Projects/NXP/main/sdks/main_testing_sdk/devices/MCXN947/drivers/fsl_lpflexcomm.c.obj
                0x0000516a                LP_FLEXCOMM7_DriverIRQHandler
 .text.LP_FLEXCOMM8_DriverIRQHandler
                0x00005178        0xe CMakeFiles/led_blinky_peripheral_cm33_core0.elf.dir/home/brusli/Documents/Projects/NXP/main/sdks/main_testing_sdk/devices/MCXN947/drivers/fsl_lpflexcomm.c.obj
                0x00005178                LP_FLEXCOMM8_DriverIRQHandler
 .text.LP_FLEXCOMM9_DriverIRQHandler
                0x00005186        0xe CMakeFiles/led_blinky_peripheral_cm33_core0.elf.dir/home/brusli/Documents/Projects/NXP/main/sdks/main_testing_sdk/devices/MCXN947/drivers/fsl_lpflexcomm.c.obj
                0x00005186                LP_FLEXCOMM9_DriverIRQHandler
 .text.CLOCK_EnableClock
                0x00005194       0x94 CMakeFiles/led_blinky_peripheral_cm33_core0.elf.dir/home/brusli/Documents/Projects/NXP/main/sdks/main_testing_sdk/devices/MCXN947/drivers/fsl_lpi2c.c.obj
 .text.LPI2C_MasterReset
                0x00005228       0x20 CMakeFiles/led_blinky_peripheral_cm33_core0.elf.dir/home/brusli/Documents/Projects/NXP/main/sdks/main_testing_sdk/devices/MCXN947/drivers/fsl_lpi2c.c.obj
 .text.LPI2C_MasterEnable
                0x00005248       0x32 CMakeFiles/led_blinky_peripheral_cm33_core0.elf.dir/home/brusli/Documents/Projects/NXP/main/sdks/main_testing_sdk/devices/MCXN947/drivers/fsl_lpi2c.c.obj
 .text.LPI2C_MasterGetStatusFlags
                0x0000527a       0x18 CMakeFiles/led_blinky_peripheral_cm33_core0.elf.dir/home/brusli/Documents/Projects/NXP/main/sdks/main_testing_sdk/devices/MCXN947/drivers/fsl_lpi2c.c.obj
 .text.LPI2C_MasterClearStatusFlags
                0x00005292       0x1c CMakeFiles/led_blinky_peripheral_cm33_core0.elf.dir/home/brusli/Documents/Projects/NXP/main/sdks/main_testing_sdk/devices/MCXN947/drivers/fsl_lpi2c.c.obj
 .text.LPI2C_MasterSetWatermarks
                0x000052ae       0x2c CMakeFiles/led_blinky_peripheral_cm33_core0.elf.dir/home/brusli/Documents/Projects/NXP/main/sdks/main_testing_sdk/devices/MCXN947/drivers/fsl_lpi2c.c.obj
 .text.LPI2C_MasterGetFifoCounts
                0x000052da       0x3e CMakeFiles/led_blinky_peripheral_cm33_core0.elf.dir/home/brusli/Documents/Projects/NXP/main/sdks/main_testing_sdk/devices/MCXN947/drivers/fsl_lpi2c.c.obj
 .text.LPI2C_GetInstance
                0x00005318       0x58 CMakeFiles/led_blinky_peripheral_cm33_core0.elf.dir/home/brusli/Documents/Projects/NXP/main/sdks/main_testing_sdk/devices/MCXN947/drivers/fsl_lpi2c.c.obj
                0x00005318                LPI2C_GetInstance
 .text.LPI2C_GetCyclesForWidth
                0x00005370       0xa8 CMakeFiles/led_blinky_peripheral_cm33_core0.elf.dir/home/brusli/Documents/Projects/NXP/main/sdks/main_testing_sdk/devices/MCXN947/drivers/fsl_lpi2c.c.obj
 .text.LPI2C_MasterCheckAndClearError
                0x00005418       0x80 CMakeFiles/led_blinky_peripheral_cm33_core0.elf.dir/home/brusli/Documents/Projects/NXP/main/sdks/main_testing_sdk/devices/MCXN947/drivers/fsl_lpi2c.c.obj
                0x00005418                LPI2C_MasterCheckAndClearError
 .text.LPI2C_MasterWaitForTxReady
                0x00005498       0x52 CMakeFiles/led_blinky_peripheral_cm33_core0.elf.dir/home/brusli/Documents/Projects/NXP/main/sdks/main_testing_sdk/devices/MCXN947/drivers/fsl_lpi2c.c.obj
 .text.LPI2C_CheckForBusyBus
                0x000054ea       0x38 CMakeFiles/led_blinky_peripheral_cm33_core0.elf.dir/home/brusli/Documents/Projects/NXP/main/sdks/main_testing_sdk/devices/MCXN947/drivers/fsl_lpi2c.c.obj
                0x000054ea                LPI2C_CheckForBusyBus
 *fill*         0x00005522        0x2 
 .text.LPI2C_MasterGetDefaultConfig
                0x00005524       0x6c CMakeFiles/led_blinky_peripheral_cm33_core0.elf.dir/home/brusli/Documents/Projects/NXP/main/sdks/main_testing_sdk/devices/MCXN947/drivers/fsl_lpi2c.c.obj
                0x00005524                LPI2C_MasterGetDefaultConfig
 .text.LPI2C_MasterInit
                0x00005590      0x218 CMakeFiles/led_blinky_peripheral_cm33_core0.elf.dir/home/brusli/Documents/Projects/NXP/main/sdks/main_testing_sdk/devices/MCXN947/drivers/fsl_lpi2c.c.obj
                0x00005590                LPI2C_MasterInit
 .text.LPI2C_MasterSetBaudRate
                0x000057a8      0x2c4 CMakeFiles/led_blinky_peripheral_cm33_core0.elf.dir/home/brusli/Documents/Projects/NXP/main/sdks/main_testing_sdk/devices/MCXN947/drivers/fsl_lpi2c.c.obj
                0x000057a8                LPI2C_MasterSetBaudRate
 .text.LPI2C_MasterStart
                0x00005a6c       0x5c CMakeFiles/led_blinky_peripheral_cm33_core0.elf.dir/home/brusli/Documents/Projects/NXP/main/sdks/main_testing_sdk/devices/MCXN947/drivers/fsl_lpi2c.c.obj
                0x00005a6c                LPI2C_MasterStart
 .text.LPI2C_MasterStop
                0x00005ac8       0x62 CMakeFiles/led_blinky_peripheral_cm33_core0.elf.dir/home/brusli/Documents/Projects/NXP/main/sdks/main_testing_sdk/devices/MCXN947/drivers/fsl_lpi2c.c.obj
                0x00005ac8                LPI2C_MasterStop
 *fill*         0x00005b2a        0x2 
 .text.LPI2C_MasterSend
                0x00005b2c       0x68 CMakeFiles/led_blinky_peripheral_cm33_core0.elf.dir/home/brusli/Documents/Projects/NXP/main/sdks/main_testing_sdk/devices/MCXN947/drivers/fsl_lpi2c.c.obj
                0x00005b2c                LPI2C_MasterSend
 .text.LPUART_SoftwareReset
                0x00005b94       0x2c CMakeFiles/led_blinky_peripheral_cm33_core0.elf.dir/home/brusli/Documents/Projects/NXP/main/sdks/main_testing_sdk/devices/MCXN947/drivers/fsl_lpuart.c.obj
 .text.LPUART_GetInstance
                0x00005bc0       0x58 CMakeFiles/led_blinky_peripheral_cm33_core0.elf.dir/home/brusli/Documents/Projects/NXP/main/sdks/main_testing_sdk/devices/MCXN947/drivers/fsl_lpuart.c.obj
                0x00005bc0                LPUART_GetInstance
 .text.LPUART_Init
                0x00005c18      0x470 CMakeFiles/led_blinky_peripheral_cm33_core0.elf.dir/home/brusli/Documents/Projects/NXP/main/sdks/main_testing_sdk/devices/MCXN947/drivers/fsl_lpuart.c.obj
                0x00005c18                LPUART_Init
 .text.LPUART_GetDefaultConfig
                0x00006088       0x9c CMakeFiles/led_blinky_peripheral_cm33_core0.elf.dir/home/brusli/Documents/Projects/NXP/main/sdks/main_testing_sdk/devices/MCXN947/drivers/fsl_lpuart.c.obj
                0x00006088                LPUART_GetDefaultConfig
 .text.LPUART_GetStatusFlags
                0x00006124       0x60 CMakeFiles/led_blinky_peripheral_cm33_core0.elf.dir/home/brusli/Documents/Projects/NXP/main/sdks/main_testing_sdk/devices/MCXN947/drivers/fsl_lpuart.c.obj
                0x00006124                LPUART_GetStatusFlags
 .text.LPUART_ClearStatusFlags
                0x00006184       0x94 CMakeFiles/led_blinky_peripheral_cm33_core0.elf.dir/home/brusli/Documents/Projects/NXP/main/sdks/main_testing_sdk/devices/MCXN947/drivers/fsl_lpuart.c.obj
                0x00006184                LPUART_ClearStatusFlags
 .text.LPUART_WriteBlocking
                0x00006218       0x78 CMakeFiles/led_blinky_peripheral_cm33_core0.elf.dir/home/brusli/Documents/Projects/NXP/main/sdks/main_testing_sdk/devices/MCXN947/drivers/fsl_lpuart.c.obj
                0x00006218                LPUART_WriteBlocking
 .text.LPUART_ReadBlocking
                0x00006290      0x174 CMakeFiles/led_blinky_peripheral_cm33_core0.elf.dir/home/brusli/Documents/Projects/NXP/main/sdks/main_testing_sdk/devices/MCXN947/drivers/fsl_lpuart.c.obj
                0x00006290                LPUART_ReadBlocking
 .text.SPC_GetActiveModeBandgapMode
                0x00006404       0x22 CMakeFiles/led_blinky_peripheral_cm33_core0.elf.dir/home/brusli/Documents/Projects/NXP/main/sdks/main_testing_sdk/devices/MCXN947/drivers/fsl_spc.c.obj
 .text.SPC_GetActiveModeVoltageDetectStatus
                0x00006426       0x22 CMakeFiles/led_blinky_peripheral_cm33_core0.elf.dir/home/brusli/Documents/Projects/NXP/main/sdks/main_testing_sdk/devices/MCXN947/drivers/fsl_spc.c.obj
 .text.SPC_GetActiveModeCoreLDOVDDVoltageLevel
                0x00006448       0x22 CMakeFiles/led_blinky_peripheral_cm33_core0.elf.dir/home/brusli/Documents/Projects/NXP/main/sdks/main_testing_sdk/devices/MCXN947/drivers/fsl_spc.c.obj
 .text.SPC_GetActiveModeCoreLDODriveStrength
                0x0000646a       0x22 CMakeFiles/led_blinky_peripheral_cm33_core0.elf.dir/home/brusli/Documents/Projects/NXP/main/sdks/main_testing_sdk/devices/MCXN947/drivers/fsl_spc.c.obj
 .text.SPC_SetActiveModeDCDCRegulatorVoltageLevel
                0x0000648c       0x32 CMakeFiles/led_blinky_peripheral_cm33_core0.elf.dir/home/brusli/Documents/Projects/NXP/main/sdks/main_testing_sdk/devices/MCXN947/drivers/fsl_spc.c.obj
 *fill*         0x000064be        0x2 
 .text.SPC_SetSRAMOperateVoltage
                0x000064c0       0x68 CMakeFiles/led_blinky_peripheral_cm33_core0.elf.dir/home/brusli/Documents/Projects/NXP/main/sdks/main_testing_sdk/devices/MCXN947/drivers/fsl_spc.c.obj
                0x000064c0                SPC_SetSRAMOperateVoltage
 .text.SPC_SetActiveModeCoreLDORegulatorConfig
                0x00006528       0xa4 CMakeFiles/led_blinky_peripheral_cm33_core0.elf.dir/home/brusli/Documents/Projects/NXP/main/sdks/main_testing_sdk/devices/MCXN947/drivers/fsl_spc.c.obj
                0x00006528                SPC_SetActiveModeCoreLDORegulatorConfig
 .text.SPC_SetActiveModeCoreLDORegulatorVoltageLevel
                0x000065cc       0x60 CMakeFiles/led_blinky_peripheral_cm33_core0.elf.dir/home/brusli/Documents/Projects/NXP/main/sdks/main_testing_sdk/devices/MCXN947/drivers/fsl_spc.c.obj
                0x000065cc                SPC_SetActiveModeCoreLDORegulatorVoltageLevel
 .text.SPC_SetActiveModeCoreLDORegulatorDriveStrength
                0x0000662c       0x5e CMakeFiles/led_blinky_peripheral_cm33_core0.elf.dir/home/brusli/Documents/Projects/NXP/main/sdks/main_testing_sdk/devices/MCXN947/drivers/fsl_spc.c.obj
                0x0000662c                SPC_SetActiveModeCoreLDORegulatorDriveStrength
 *fill*         0x0000668a        0x2 
 .text.SPC_SetActiveModeDCDCRegulatorConfig
                0x0000668c       0x78 CMakeFiles/led_blinky_peripheral_cm33_core0.elf.dir/home/brusli/Documents/Projects/NXP/main/sdks/main_testing_sdk/devices/MCXN947/drivers/fsl_spc.c.obj
                0x0000668c                SPC_SetActiveModeDCDCRegulatorConfig
 .text.SPC_SetActiveModeDCDCRegulatorDriveStrength
                0x00006704       0x48 CMakeFiles/led_blinky_peripheral_cm33_core0.elf.dir/home/brusli/Documents/Projects/NXP/main/sdks/main_testing_sdk/devices/MCXN947/drivers/fsl_spc.c.obj
                0x00006704                SPC_SetActiveModeDCDCRegulatorDriveStrength
 .text.RESET_SetPeripheralReset
                0x0000674c       0x78 CMakeFiles/led_blinky_peripheral_cm33_core0.elf.dir/home/brusli/Documents/Projects/NXP/main/sdks/main_testing_sdk/devices/MCXN947/drivers/fsl_reset.c.obj
                0x0000674c                RESET_SetPeripheralReset
 .text.RESET_ClearPeripheralReset
                0x000067c4       0x78 CMakeFiles/led_blinky_peripheral_cm33_core0.elf.dir/home/brusli/Documents/Projects/NXP/main/sdks/main_testing_sdk/devices/MCXN947/drivers/fsl_reset.c.obj
                0x000067c4                RESET_ClearPeripheralReset
 .text.RESET_PeripheralReset
                0x0000683c       0x24 CMakeFiles/led_blinky_peripheral_cm33_core0.elf.dir/home/brusli/Documents/Projects/NXP/main/sdks/main_testing_sdk/devices/MCXN947/drivers/fsl_reset.c.obj
                0x0000683c                RESET_PeripheralReset
 .text.CLOCK_EnableClock
                0x00006860       0x94 CMakeFiles/led_blinky_peripheral_cm33_core0.elf.dir/home/brusli/Documents/Projects/NXP/main/sdks/main_testing_sdk/devices/MCXN947/drivers/fsl_vref.c.obj
 .text.VREF_GetInstance
                0x000068f4       0x54 CMakeFiles/led_blinky_peripheral_cm33_core0.elf.dir/home/brusli/Documents/Projects/NXP/main/sdks/main_testing_sdk/devices/MCXN947/drivers/fsl_vref.c.obj
 .text.VREF_Init
                0x00006948       0xe8 CMakeFiles/led_blinky_peripheral_cm33_core0.elf.dir/home/brusli/Documents/Projects/NXP/main/sdks/main_testing_sdk/devices/MCXN947/drivers/fsl_vref.c.obj
                0x00006948                VREF_Init
 .text._sbrk    0x00006a30       0x68 CMakeFiles/led_blinky_peripheral_cm33_core0.elf.dir/home/brusli/Documents/Projects/NXP/main/sdks/main_testing_sdk/devices/MCXN947/utilities/fsl_sbrk.c.obj
                0x00006a30                _sbrk
 .text.fsl_assert_hook
                0x00006a98       0x1a CMakeFiles/led_blinky_peripheral_cm33_core0.elf.dir/home/brusli/Documents/Projects/NXP/main/sdks/main_testing_sdk/devices/MCXN947/utilities/debug_console_lite/fsl_assert.c.obj
                0x00006a98                fsl_assert_hook
 *fill*         0x00006ab2        0x2 
 .text.__assert_func
                0x00006ab4       0x40 CMakeFiles/led_blinky_peripheral_cm33_core0.elf.dir/home/brusli/Documents/Projects/NXP/main/sdks/main_testing_sdk/devices/MCXN947/utilities/debug_console_lite/fsl_assert.c.obj
                0x00006ab4                __assert_func
 .text.DbgConsole_Init
                0x00006af4       0x88 CMakeFiles/led_blinky_peripheral_cm33_core0.elf.dir/home/brusli/Documents/Projects/NXP/main/sdks/main_testing_sdk/devices/MCXN947/utilities/debug_console_lite/fsl_debug_console.c.obj
                0x00006af4                DbgConsole_Init
 .text.DbgConsole_Printf
                0x00006b7c       0x2c CMakeFiles/led_blinky_peripheral_cm33_core0.elf.dir/home/brusli/Documents/Projects/NXP/main/sdks/main_testing_sdk/devices/MCXN947/utilities/debug_console_lite/fsl_debug_console.c.obj
                0x00006b7c                DbgConsole_Printf
 .text.DbgConsole_Vprintf
                0x00006ba8       0x3c CMakeFiles/led_blinky_peripheral_cm33_core0.elf.dir/home/brusli/Documents/Projects/NXP/main/sdks/main_testing_sdk/devices/MCXN947/utilities/debug_console_lite/fsl_debug_console.c.obj
                0x00006ba8                DbgConsole_Vprintf
 .text.DbgConsole_Putchar
                0x00006be4       0x30 CMakeFiles/led_blinky_peripheral_cm33_core0.elf.dir/home/brusli/Documents/Projects/NXP/main/sdks/main_testing_sdk/devices/MCXN947/utilities/debug_console_lite/fsl_debug_console.c.obj
                0x00006be4                DbgConsole_Putchar
 .text.DbgConsole_PrintfPaddingCharacter
                0x00006c14       0x40 CMakeFiles/led_blinky_peripheral_cm33_core0.elf.dir/home/brusli/Documents/Projects/NXP/main/sdks/main_testing_sdk/devices/MCXN947/utilities/debug_console_lite/fsl_debug_console.c.obj
 .text.DbgConsole_ConvertRadixNumToString
                0x00006c54       0xc2 CMakeFiles/led_blinky_peripheral_cm33_core0.elf.dir/home/brusli/Documents/Projects/NXP/main/sdks/main_testing_sdk/devices/MCXN947/utilities/debug_console_lite/fsl_debug_console.c.obj
 *fill*         0x00006d16        0x2 
 .text.DbgConsole_PrintfFormattedData
                0x00006d18      0x3e0 CMakeFiles/led_blinky_peripheral_cm33_core0.elf.dir/home/brusli/Documents/Projects/NXP/main/sdks/main_testing_sdk/devices/MCXN947/utilities/debug_console_lite/fsl_debug_console.c.obj
 .text.__fixunssfdi
                0x000070f8       0x40 /home/brusli/.mcuxpressotools/arm-gnu-toolchain-14.2.rel1-x86_64-arm-none-eabi/bin/../lib/gcc/arm-none-eabi/14.2.1/thumb/v8-m.main+fp/hard/libgcc.a(_fixunssfdi.o)
                0x000070f8                __aeabi_f2ulz
                0x000070f8                __fixunssfdi
 .text.__udivmoddi4
                0x00007138      0x34c /home/brusli/.mcuxpressotools/arm-gnu-toolchain-14.2.rel1-x86_64-arm-none-eabi/bin/../lib/gcc/arm-none-eabi/14.2.1/thumb/v8-m.main+fp/hard/libgcc.a(_udivmoddi4.o)
                0x00007138                __udivmoddi4
 .text.exit     0x00007484       0x24 /home/brusli/.mcuxpressotools/arm-gnu-toolchain-14.2.rel1-x86_64-arm-none-eabi/bin/../lib/gcc/arm-none-eabi/14.2.1/../../../../arm-none-eabi/lib/thumb/v8-m.main+fp/hard/libc_nano.a(libc_a-exit.o)
                0x00007484                exit
 .text.sbrk_aligned
                0x000074a8       0x44 /home/brusli/.mcuxpressotools/arm-gnu-toolchain-14.2.rel1-x86_64-arm-none-eabi/bin/../lib/gcc/arm-none-eabi/14.2.1/../../../../arm-none-eabi/lib/thumb/v8-m.main+fp/hard/libc_nano.a(libc_a-mallocr.o)
 .text._malloc_r
                0x000074ec      0x100 /home/brusli/.mcuxpressotools/arm-gnu-toolchain-14.2.rel1-x86_64-arm-none-eabi/bin/../lib/gcc/arm-none-eabi/14.2.1/../../../../arm-none-eabi/lib/thumb/v8-m.main+fp/hard/libc_nano.a(libc_a-mallocr.o)
                0x000074ec                _malloc_r
 .text.__malloc_lock
                0x000075ec        0xc /home/brusli/.mcuxpressotools/arm-gnu-toolchain-14.2.rel1-x86_64-arm-none-eabi/bin/../lib/gcc/arm-none-eabi/14.2.1/../../../../arm-none-eabi/lib/thumb/v8-m.main+fp/hard/libc_nano.a(libc_a-mlock.o)
                0x000075ec                __malloc_lock
 .text.__malloc_unlock
                0x000075f8        0xc /home/brusli/.mcuxpressotools/arm-gnu-toolchain-14.2.rel1-x86_64-arm-none-eabi/bin/../lib/gcc/arm-none-eabi/14.2.1/../../../../arm-none-eabi/lib/thumb/v8-m.main+fp/hard/libc_nano.a(libc_a-mlock.o)
                0x000075f8                __malloc_unlock
 .text._vsnprintf_r
                0x00007604       0x5c /home/brusli/.mcuxpressotools/arm-gnu-toolchain-14.2.rel1-x86_64-arm-none-eabi/bin/../lib/gcc/arm-none-eabi/14.2.1/../../../../arm-none-eabi/lib/thumb/v8-m.main+fp/hard/libc_nano.a(libc_a-vsnprintf.o)
                0x00007604                _vsnprintf_r
                0x00007604                _vsniprintf_r
 .text.vsnprintf
                0x00007660       0x1c /home/brusli/.mcuxpressotools/arm-gnu-toolchain-14.2.rel1-x86_64-arm-none-eabi/bin/../lib/gcc/arm-none-eabi/14.2.1/../../../../arm-none-eabi/lib/thumb/v8-m.main+fp/hard/libc_nano.a(libc_a-vsnprintf.o)
                0x00007660                vsnprintf
                0x00007660                vsniprintf
 .text._vsprintf_r
                0x0000767c       0x2c /home/brusli/.mcuxpressotools/arm-gnu-toolchain-14.2.rel1-x86_64-arm-none-eabi/bin/../lib/gcc/arm-none-eabi/14.2.1/../../../../arm-none-eabi/lib/thumb/v8-m.main+fp/hard/libc_nano.a(libc_a-vsprintf.o)
                0x0000767c                _vsiprintf_r
                0x0000767c                _vsprintf_r
 .text.vsprintf
                0x000076a8       0x14 /home/brusli/.mcuxpressotools/arm-gnu-toolchain-14.2.rel1-x86_64-arm-none-eabi/bin/../lib/gcc/arm-none-eabi/14.2.1/../../../../arm-none-eabi/lib/thumb/v8-m.main+fp/hard/libc_nano.a(libc_a-vsprintf.o)
                0x000076a8                vsprintf
                0x000076a8                vsiprintf
 .text.memset   0x000076bc       0x10 /home/brusli/.mcuxpressotools/arm-gnu-toolchain-14.2.rel1-x86_64-arm-none-eabi/bin/../lib/gcc/arm-none-eabi/14.2.1/../../../../arm-none-eabi/lib/thumb/v8-m.main+fp/hard/libc_nano.a(libc_a-memset.o)
                0x000076bc                memset
 .text._sbrk_r  0x000076cc       0x20 /home/brusli/.mcuxpressotools/arm-gnu-toolchain-14.2.rel1-x86_64-arm-none-eabi/bin/../lib/gcc/arm-none-eabi/14.2.1/../../../../arm-none-eabi/lib/thumb/v8-m.main+fp/hard/libc_nano.a(libc_a-sbrkr.o)
                0x000076cc                _sbrk_r
 .text.__errno  0x000076ec        0xc /home/brusli/.mcuxpressotools/arm-gnu-toolchain-14.2.rel1-x86_64-arm-none-eabi/bin/../lib/gcc/arm-none-eabi/14.2.1/../../../../arm-none-eabi/lib/thumb/v8-m.main+fp/hard/libc_nano.a(libc_a-errno.o)
                0x000076ec                __errno
 .text.__libc_init_array
                0x000076f8       0x48 /home/brusli/.mcuxpressotools/arm-gnu-toolchain-14.2.rel1-x86_64-arm-none-eabi/bin/../lib/gcc/arm-none-eabi/14.2.1/../../../../arm-none-eabi/lib/thumb/v8-m.main+fp/hard/libc_nano.a(libc_a-init.o)
                0x000076f8                __libc_init_array
 .text.__retarget_lock_acquire_recursive
                0x00007740        0x2 /home/brusli/.mcuxpressotools/arm-gnu-toolchain-14.2.rel1-x86_64-arm-none-eabi/bin/../lib/gcc/arm-none-eabi/14.2.1/../../../../arm-none-eabi/lib/thumb/v8-m.main+fp/hard/libc_nano.a(libc_a-lock.o)
                0x00007740                __retarget_lock_acquire_recursive
 .text.__retarget_lock_release_recursive
                0x00007742        0x2 /home/brusli/.mcuxpressotools/arm-gnu-toolchain-14.2.rel1-x86_64-arm-none-eabi/bin/../lib/gcc/arm-none-eabi/14.2.1/../../../../arm-none-eabi/lib/thumb/v8-m.main+fp/hard/libc_nano.a(libc_a-lock.o)
                0x00007742                __retarget_lock_release_recursive
 .text._free_r  0x00007744       0x94 /home/brusli/.mcuxpressotools/arm-gnu-toolchain-14.2.rel1-x86_64-arm-none-eabi/bin/../lib/gcc/arm-none-eabi/14.2.1/../../../../arm-none-eabi/lib/thumb/v8-m.main+fp/hard/libc_nano.a(libc_a-freer.o)
                0x00007744                _free_r
 .text.__ssputs_r
                0x000077d8       0xc0 /home/brusli/.mcuxpressotools/arm-gnu-toolchain-14.2.rel1-x86_64-arm-none-eabi/bin/../lib/gcc/arm-none-eabi/14.2.1/../../../../arm-none-eabi/lib/thumb/v8-m.main+fp/hard/libc_nano.a(libc_a-nano-svfprintf.o)
                0x000077d8                __ssputs_r
 .text._svfprintf_r
                0x00007898      0x1f8 /home/brusli/.mcuxpressotools/arm-gnu-toolchain-14.2.rel1-x86_64-arm-none-eabi/bin/../lib/gcc/arm-none-eabi/14.2.1/../../../../arm-none-eabi/lib/thumb/v8-m.main+fp/hard/libc_nano.a(libc_a-nano-svfprintf.o)
                0x00007898                _svfprintf_r
                0x00007898                _svfiprintf_r
 .text._printf_common
                0x00007a90       0xe4 /home/brusli/.mcuxpressotools/arm-gnu-toolchain-14.2.rel1-x86_64-arm-none-eabi/bin/../lib/gcc/arm-none-eabi/14.2.1/../../../../arm-none-eabi/lib/thumb/v8-m.main+fp/hard/libc_nano.a(libc_a-nano-vfprintf_i.o)
                0x00007a90                _printf_common
 .text._printf_i
                0x00007b74      0x240 /home/brusli/.mcuxpressotools/arm-gnu-toolchain-14.2.rel1-x86_64-arm-none-eabi/bin/../lib/gcc/arm-none-eabi/14.2.1/../../../../arm-none-eabi/lib/thumb/v8-m.main+fp/hard/libc_nano.a(libc_a-nano-vfprintf_i.o)
                0x00007b74                _printf_i
 .text.memmove  0x00007db4       0x32 /home/brusli/.mcuxpressotools/arm-gnu-toolchain-14.2.rel1-x86_64-arm-none-eabi/bin/../lib/gcc/arm-none-eabi/14.2.1/../../../../arm-none-eabi/lib/thumb/v8-m.main+fp/hard/libc_nano.a(libc_a-memmove.o)
                0x00007db4                memmove
 .text.memchr   0x00007de6       0x1c /home/brusli/.mcuxpressotools/arm-gnu-toolchain-14.2.rel1-x86_64-arm-none-eabi/bin/../lib/gcc/arm-none-eabi/14.2.1/../../../../arm-none-eabi/lib/thumb/v8-m.main+fp/hard/libc_nano.a(libc_a-memchr-stub.o)
                0x00007de6                memchr
 .text._realloc_r
                0x00007e02       0x5c /home/brusli/.mcuxpressotools/arm-gnu-toolchain-14.2.rel1-x86_64-arm-none-eabi/bin/../lib/gcc/arm-none-eabi/14.2.1/../../../../arm-none-eabi/lib/thumb/v8-m.main+fp/hard/libc_nano.a(libc_a-reallocr.o)
                0x00007e02                _realloc_r
 .text._malloc_usable_size_r
                0x00007e5e       0x10 /home/brusli/.mcuxpressotools/arm-gnu-toolchain-14.2.rel1-x86_64-arm-none-eabi/bin/../lib/gcc/arm-none-eabi/14.2.1/../../../../arm-none-eabi/lib/thumb/v8-m.main+fp/hard/libc_nano.a(libc_a-msizer.o)
                0x00007e5e                _malloc_usable_size_r
 .text._exit    0x00007e6e        0x2 /home/brusli/.mcuxpressotools/arm-gnu-toolchain-14.2.rel1-x86_64-arm-none-eabi/bin/../lib/gcc/arm-none-eabi/14.2.1/../../../../arm-none-eabi/lib/thumb/v8-m.main+fp/hard/libcr_newlib_nohost.a(_exit.o)
                0x00007e6e                _exit
 *(.rodata)
 .rodata        0x00007e70      0x1db CMakeFiles/led_blinky_peripheral_cm33_core0.elf.dir/home/brusli/Documents/Projects/NXP/main/MCX_LAB_6_OLED/MCX_LAB_6_OLED/led_blinky.c.obj
 *fill*         0x0000804b        0x1 
 .rodata        0x0000804c        0xa CMakeFiles/led_blinky_peripheral_cm33_core0.elf.dir/home/brusli/Documents/Projects/NXP/main/MCX_LAB_6_OLED/MCX_LAB_6_OLED/clock_config.c.obj
 *fill*         0x00008056        0x2 
 .rodata        0x00008058       0xda CMakeFiles/led_blinky_peripheral_cm33_core0.elf.dir/home/brusli/Documents/Projects/NXP/main/MCX_LAB_6_OLED/MCX_LAB_6_OLED/pin_mux.c.obj
 *fill*         0x00008132        0x2 
 .rodata        0x00008134       0x1f CMakeFiles/led_blinky_peripheral_cm33_core0.elf.dir/home/brusli/Documents/Projects/NXP/main/MCX_LAB_6_OLED/MCX_LAB_6_OLED/oled.c.obj
 *fill*         0x00008153        0x1 
 .rodata        0x00008154      0x128 CMakeFiles/led_blinky_peripheral_cm33_core0.elf.dir/home/brusli/Documents/Projects/NXP/main/sdks/main_testing_sdk/components/uart/fsl_adapter_lpuart.c.obj
 .rodata        0x0000827c       0xbc CMakeFiles/led_blinky_peripheral_cm33_core0.elf.dir/home/brusli/Documents/Projects/NXP/main/sdks/main_testing_sdk/devices/MCXN947/drivers/fsl_common_arm.c.obj
 .rodata        0x00008338       0xb9 CMakeFiles/led_blinky_peripheral_cm33_core0.elf.dir/home/brusli/Documents/Projects/NXP/main/sdks/main_testing_sdk/devices/MCXN947/drivers/fsl_ctimer.c.obj
 *fill*         0x000083f1        0x3 
 .rodata        0x000083f4       0xcd CMakeFiles/led_blinky_peripheral_cm33_core0.elf.dir/home/brusli/Documents/Projects/NXP/main/sdks/main_testing_sdk/devices/MCXN947/drivers/fsl_gpio.c.obj
 *fill*         0x000084c1        0x3 
 .rodata        0x000084c4      0x2a0 CMakeFiles/led_blinky_peripheral_cm33_core0.elf.dir/home/brusli/Documents/Projects/NXP/main/sdks/main_testing_sdk/devices/MCXN947/drivers/fsl_lpadc.c.obj
 .rodata        0x00008764       0xf6 CMakeFiles/led_blinky_peripheral_cm33_core0.elf.dir/home/brusli/Documents/Projects/NXP/main/sdks/main_testing_sdk/devices/MCXN947/drivers/fsl_lpflexcomm.c.obj
 *fill*         0x0000885a        0x2 