c:/NXP/MCUXpressoSDK_VSCode/frdm_mcxn947/frdm_mcxn947/devices/MCXN947/drivers/fsl_clock.h:1492:20:CLOCK_EnableClock	24	static
C:/dev/MCUXpresso_VS/test/lab6/test6/clock_config.c:47:6:BOARD_InitBootClocks	8	static
C:/dev/MCUXpresso_VS/test/lab6/test6/clock_config.c:84:6:BOARD_BootClockFRO12M	24	static
C:/dev/MCUXpresso_VS/test/lab6/test6/clock_config.c:153:6:BOARD_BootClockFROHF48M	24	static
C:/dev/MCUXpresso_VS/test/lab6/test6/clock_config.c:227:6:BOARD_BootClockFROHF144M	24	static
C:/dev/MCUXpresso_VS/test/lab6/test6/clock_config.c:315:6:BOARD_BootClockPLL150M	48	static
C:/dev/MCUXpresso_VS/test/lab6/test6/clock_config.c:413:6:BOARD_BootClockPLL100M	48	static
