c:/NXP/MCUXpressoSDK_VSCode/frdm_mcxn947/frdm_mcxn947/devices/MCXN947/drivers/fsl_clock.h:1492:20:CLOCK_EnableClock	24	static
c:/NXP/MCUXpressoSDK_VSCode/frdm_mcxn947/frdm_mcxn947/devices/MCXN947/drivers/fsl_port.h:360:20:PORT_SetPinConfig	32	static
c:/NXP/MCUXpressoSDK_VSCode/frdm_mcxn947/frdm_mcxn947/devices/MCXN947/drivers/fsl_port.h:463:20:PORT_SetPinMux	24	static
c:/NXP/MCUXpressoSDK_VSCode/frdm_mcxn947/frdm_mcxn947/devices/MCXN947/drivers/fsl_gpio.h:482:20:GPIO_SetPinInterruptConfig	24	static
C:/dev/MCUXpresso_VS/test/lab6/test6/pin_mux.c:322:6:BOARD_InitBootPins	8	static
C:/dev/MCUXpresso_VS/test/lab6/test6/pin_mux.c:349:6:BOARD_InitDEBUG_UARTPins	16	static
C:/dev/MCUXpresso_VS/test/lab6/test6/pin_mux.c:423:6:BOARD_InitSWD_DEBUGPins	24	static
C:/dev/MCUXpresso_VS/test/lab6/test6/pin_mux.c:521:6:BOARD_InitLEDsPins	32	static
C:/dev/MCUXpresso_VS/test/lab6/test6/pin_mux.c:643:6:BOARD_InitBUTTONsPins	24	static
C:/dev/MCUXpresso_VS/test/lab6/test6/pin_mux.c:740:6:SHIELD_InitLEDsPins	40	static
C:/dev/MCUXpresso_VS/test/lab6/test6/pin_mux.c:915:6:SHIELD_InitBUTTONsPins	24	static
C:/dev/MCUXpresso_VS/test/lab6/test6/pin_mux.c:1041:6:SHIELD_NAVSwitchPins	32	static
C:/dev/MCUXpresso_VS/test/lab6/test6/pin_mux.c:1173:6:SHIELD_DIPSwitchPins	40	static
C:/dev/MCUXpresso_VS/test/lab6/test6/pin_mux.c:1346:6:SHIELD_RotaryPins	24	static
C:/dev/MCUXpresso_VS/test/lab6/test6/pin_mux.c:1438:6:SHIELD_ADCPins	4	static
C:/dev/MCUXpresso_VS/test/lab6/test6/pin_mux.c:1460:6:LPI2C2_InitPins	8	static
