c:/NXP/MCUXpressoSDK_VSCode/frdm_mcxn947/frdm_mcxn947/devices/MCXN947/drivers/fsl_common_arm.c:126:6:MSDK_EnableCpuCycleCounter	8	static
c:/NXP/MCUXpressoSDK_VSCode/frdm_mcxn947/frdm_mcxn947/devices/MCXN947/drivers/fsl_common_arm.c:144:10:MSDK_GetCpuCycleCount	4	static
c:/NXP/MCUXpressoSDK_VSCode/frdm_mcxn947/frdm_mcxn947/devices/MCXN947/drivers/fsl_common_arm.c:180:13:DelayLoop	16	static
c:/NXP/MCUXpressoSDK_VSCode/frdm_mcxn947/frdm_mcxn947/devices/MCXN947/drivers/fsl_common_arm.c:210:6:SDK_DelayAtLeastUs	40	static
